
 Start         Length     Name                   Class
 0001:00000000 00079DCCH .text                   CODE
 0002:00000000 0000133CH .data                   DATA
 0002:0000133C 00000E81H .bss                    BSS


Detailed map of segments

 0001:00000000 000052BF C=CODE     S=.text    G=(none)   M=System   ACBP=A9
 0001:000052C0 00000140 C=CODE     S=.text    G=(none)   M=SysInit  ACBP=A9
 0001:00005400 00000078 C=CODE     S=.text    G=(none)   M=Types    ACBP=A9
 0001:00005478 00000C8C C=CODE     S=.text    G=(none)   M=Windows  ACBP=A9
 0001:00006104 00000328 C=CODE     S=.text    G=(none)   M=SysConst ACBP=A9
 0001:0000642C 00006C94 C=CODE     S=.text    G=(none)   M=SysUtils ACBP=A9
 0001:0000D0C0 00000038 C=CODE     S=.text    G=(none)   M=Messages ACBP=A9
 0001:0000D0F8 000007FB C=CODE     S=.text    G=(none)   M=VarUtils ACBP=A9
 0001:0000D8F4 00002A42 C=CODE     S=.text    G=(none)   M=Variants ACBP=A9
 0001:00010338 00000138 C=CODE     S=.text    G=(none)   M=RTLConsts ACBP=A9
 0001:00010470 0000083C C=CODE     S=.text    G=(none)   M=TypInfo  ACBP=A9
 0001:00010CAC 00000038 C=CODE     S=.text    G=(none)   M=ActiveX  ACBP=A9
 0001:00010CE4 0000A98A C=CODE     S=.text    G=(none)   M=Classes  ACBP=A9
 0001:0001B670 00000070 C=CODE     S=.text    G=(none)   M=Math     ACBP=A9
 0001:0001B6E0 000001A4 C=CODE     S=.text    G=(none)   M=SyncObjs ACBP=A9
 0001:0001B884 00013FA2 C=CODE     S=.text    G=(none)   M=ceflib   ACBP=A9
 0001:0002F828 000002A8 C=CODE     S=.text    G=(none)   M=Consts   ACBP=A9
 0001:0002FAD0 000073A7 C=CODE     S=.text    G=(none)   M=Graphics ACBP=A9
 0001:00036E78 00000564 C=CODE     S=.text    G=(none)   M=Contnrs  ACBP=A9
 0001:000373DC 00000198 C=CODE     S=.text    G=(none)   M=CommCtrl ACBP=A9
 0001:00037574 00000787 C=CODE     S=.text    G=(none)   M=MultiMon ACBP=A9
 0001:00037CFC 00000038 C=CODE     S=.text    G=(none)   M=Imm      ACBP=A9
 0001:00037D34 00000FF8 C=CODE     S=.text    G=(none)   M=HelpIntfs ACBP=A9
 0001:00038D2C 00000038 C=CODE     S=.text    G=(none)   M=WinSpool ACBP=A9
 0001:00038D64 00000044 C=CODE     S=.text    G=(none)   M=Printers ACBP=A9
 0001:00038DA8 0000031F C=CODE     S=.text    G=(none)   M=FlatSB   ACBP=A9
 0001:000390C8 000009BB C=CODE     S=.text    G=(none)   M=UxTheme  ACBP=A9
 0001:00039A84 00000038 C=CODE     S=.text    G=(none)   M=RichEdit ACBP=A9
 0001:00039ABC 00000038 C=CODE     S=.text    G=(none)   M=ToolWin  ACBP=A9
 0001:00039AF4 00000038 C=CODE     S=.text    G=(none)   M=ShellAPI ACBP=A9
 0001:00039B2C 00000038 C=CODE     S=.text    G=(none)   M=RegStr   ACBP=A9
 0001:00039B64 00000038 C=CODE     S=.text    G=(none)   M=WinInet  ACBP=A9
 0001:00039B9C 00000038 C=CODE     S=.text    G=(none)   M=UrlMon   ACBP=A9
 0001:00039BD4 0000006C C=CODE     S=.text    G=(none)   M=ShlObj   ACBP=A9
 0001:00039C40 00000048 C=CODE     S=.text    G=(none)   M=CommDlg  ACBP=A9
 0001:00039C88 00000038 C=CODE     S=.text    G=(none)   M=Dlgs     ACBP=A9
 0001:00039CC0 00001795 C=CODE     S=.text    G=(none)   M=Dialogs  ACBP=A9
 0001:0003B458 00002722 C=CODE     S=.text    G=(none)   M=ExtCtrls ACBP=A9
 0001:0003DB7C 00000038 C=CODE     S=.text    G=(none)   M=ComStrs  ACBP=A9
 0001:0003DBB4 00000094 C=CODE     S=.text    G=(none)   M=Clipbrd  ACBP=A9
 0001:0003DC48 00000038 C=CODE     S=.text    G=(none)   M=StrUtils ACBP=A9
 0001:0003DC80 00002731 C=CODE     S=.text    G=(none)   M=Buttons  ACBP=A9
 0001:000403B4 00000038 C=CODE     S=.text    G=(none)   M=ExtDlgs  ACBP=A9
 0001:000403EC 00000068 C=CODE     S=.text    G=(none)   M=IniFiles ACBP=A9
 0001:00040454 00000524 C=CODE     S=.text    G=(none)   M=Registry ACBP=A9
 0001:00040978 0000006C C=CODE     S=.text    G=(none)   M=Mapi     ACBP=A9
 0001:000409E4 00000058 C=CODE     S=.text    G=(none)   M=ExtActns ACBP=A9
 0001:00040A3C 00000038 C=CODE     S=.text    G=(none)   M=ListActns ACBP=A9
 0001:00040A74 00001DEC C=CODE     S=.text    G=(none)   M=ComCtrls ACBP=A9
 0001:00042860 00000C14 C=CODE     S=.text    G=(none)   M=Themes   ACBP=A9
 0001:00043474 00003714 C=CODE     S=.text    G=(none)   M=StdCtrls ACBP=A9
 0001:00046B88 00000168 C=CODE     S=.text    G=(none)   M=StdActns ACBP=A9
 0001:00046CF0 00000D1F C=CODE     S=.text    G=(none)   M=WinHelpViewer ACBP=A9
 0001:00047A10 00010FF7 C=CODE     S=.text    G=(none)   M=Controls ACBP=A9
 0001:00058A08 00001A3E C=CODE     S=.text    G=(none)   M=ActnList ACBP=A9
 0001:0005A448 00001B9C C=CODE     S=.text    G=(none)   M=ImgList  ACBP=A9
 0001:0005BFE4 000066AD C=CODE     S=.text    G=(none)   M=Menus    ACBP=A9
 0001:00062694 0000C580 C=CODE     S=.text    G=(none)   M=Forms    ACBP=A9
 0001:0006EC14 00003D10 C=CODE     S=.text    G=(none)   M=cefgui   ACBP=A9
 0001:00072924 00000F7F C=CODE     S=.text    G=(none)   M=AppEvnts ACBP=A9
 0001:000738A4 00002D04 C=CODE     S=.text    G=(none)   M=cefvcl   ACBP=A9
 0001:000765A8 00000038 C=CODE     S=.text    G=(none)   M=XPMan    ACBP=A9
 0001:000765E0 00002243 C=CODE     S=.text    G=(none)   M=main     ACBP=A9
 0001:00078824 000012A8 C=CODE     S=.text    G=(none)   M=ceffilescheme ACBP=A9
 0001:00079ACC 00000300 C=CODE     S=.text    G=(none)   M=guiclient ACBP=A9
 0002:00000000 0000009C C=DATA     S=.data    G=DGROUP   M=System   ACBP=A9
 0002:0000009C 00000020 C=DATA     S=.data    G=DGROUP   M=SysInit  ACBP=A9
 0002:000000BC 00000254 C=DATA     S=.data    G=DGROUP   M=SysUtils ACBP=A9
 0002:00000310 00000008 C=DATA     S=.data    G=DGROUP   M=VarUtils ACBP=A9
 0002:00000318 0000008E C=DATA     S=.data    G=DGROUP   M=Variants ACBP=A9
 0002:000003A8 0000000C C=DATA     S=.data    G=DGROUP   M=TypInfo  ACBP=A9
 0002:000003B4 00000064 C=DATA     S=.data    G=DGROUP   M=Classes  ACBP=A9
 0002:00000418 0000007D C=DATA     S=.data    G=DGROUP   M=ceflib   ACBP=A9
 0002:00000498 00000304 C=DATA     S=.data    G=DGROUP   M=Graphics ACBP=A9
 0002:0000079C 00000004 C=DATA     S=.data    G=DGROUP   M=Printers ACBP=A9
 0002:000007A0 000000D4 C=DATA     S=.data    G=DGROUP   M=Dialogs  ACBP=A9
 0002:00000874 0000018C C=DATA     S=.data    G=DGROUP   M=ExtCtrls ACBP=A9
 0002:00000A00 00000046 C=DATA     S=.data    G=DGROUP   M=Buttons  ACBP=A9
 0002:00000A48 00000008 C=DATA     S=.data    G=DGROUP   M=IniFiles ACBP=A9
 0002:00000A50 00000008 C=DATA     S=.data    G=DGROUP   M=Registry ACBP=A9
 0002:00000A58 00000008 C=DATA     S=.data    G=DGROUP   M=Mapi     ACBP=A9
 0002:00000A60 00000028 C=DATA     S=.data    G=DGROUP   M=ComCtrls ACBP=A9
 0002:00000A88 00000068 C=DATA     S=.data    G=DGROUP   M=Themes   ACBP=A9
 0002:00000AF0 00000070 C=DATA     S=.data    G=DGROUP   M=StdCtrls ACBP=A9
 0002:00000B60 0000013C C=DATA     S=.data    G=DGROUP   M=Controls ACBP=A9
 0002:00000C9C 00000020 C=DATA     S=.data    G=DGROUP   M=ImgList  ACBP=A9
 0002:00000CBC 000000EC C=DATA     S=.data    G=DGROUP   M=Menus    ACBP=A9
 0002:00000DA8 0000011C C=DATA     S=.data    G=DGROUP   M=Forms    ACBP=A9
 0002:00000EC4 00000004 C=DATA     S=.data    G=DGROUP   M=AppEvnts ACBP=A9
 0002:00000EC8 00000009 C=DATA     S=.data    G=DGROUP   M=cefvcl   ACBP=A9
 0002:00000ED4 00000030 C=DATA     S=.data    G=DGROUP   M=ceffilescheme ACBP=A9
 0002:00002000 00000660 C=BSS      S=.bss     G=DGROUP   M=System   ACBP=A9
 0002:00002660 00000010 C=BSS      S=.bss     G=DGROUP   M=SysInit  ACBP=A9
 0002:00002670 00000004 C=BSS      S=.bss     G=DGROUP   M=Types    ACBP=A9
 0002:00002674 00000004 C=BSS      S=.bss     G=DGROUP   M=Windows  ACBP=A9
 0002:00002678 00000004 C=BSS      S=.bss     G=DGROUP   M=SysConst ACBP=A9
 0002:0000267C 00000120 C=BSS      S=.bss     G=DGROUP   M=SysUtils ACBP=A9
 0002:0000279C 00000004 C=BSS      S=.bss     G=DGROUP   M=Messages ACBP=A9
 0002:000027A0 0000005C C=BSS      S=.bss     G=DGROUP   M=VarUtils ACBP=A9
 0002:000027FC 00000040 C=BSS      S=.bss     G=DGROUP   M=Variants ACBP=A9
 0002:0000283C 00000004 C=BSS      S=.bss     G=DGROUP   M=RTLConsts ACBP=A9
 0002:00002840 00000004 C=BSS      S=.bss     G=DGROUP   M=TypInfo  ACBP=A9
 0002:00002844 00000004 C=BSS      S=.bss     G=DGROUP   M=ActiveX  ACBP=A9
 0002:00002848 00000040 C=BSS      S=.bss     G=DGROUP   M=Classes  ACBP=A9
 0002:00002888 00000004 C=BSS      S=.bss     G=DGROUP   M=Math     ACBP=A9
 0002:0000288C 00000004 C=BSS      S=.bss     G=DGROUP   M=SyncObjs ACBP=A9
 0002:00002890 0000028C C=BSS      S=.bss     G=DGROUP   M=ceflib   ACBP=A9
 0002:00002B1C 00000004 C=BSS      S=.bss     G=DGROUP   M=Consts   ACBP=A9
 0002:00002B20 00000060 C=BSS      S=.bss     G=DGROUP   M=Graphics ACBP=A9
 0002:00002B80 00000004 C=BSS      S=.bss     G=DGROUP   M=Contnrs  ACBP=A9
 0002:00002B84 0000000C C=BSS      S=.bss     G=DGROUP   M=CommCtrl ACBP=A9
 0002:00002B90 00000031 C=BSS      S=.bss     G=DGROUP   M=MultiMon ACBP=A9
 0002:00002BC4 00000004 C=BSS      S=.bss     G=DGROUP   M=Imm      ACBP=A9
 0002:00002BC8 00000008 C=BSS      S=.bss     G=DGROUP   M=HelpIntfs ACBP=A9
 0002:00002BD0 00000004 C=BSS      S=.bss     G=DGROUP   M=WinSpool ACBP=A9
 0002:00002BD4 00000004 C=BSS      S=.bss     G=DGROUP   M=Printers ACBP=A9
 0002:00002BD8 00000034 C=BSS      S=.bss     G=DGROUP   M=FlatSB   ACBP=A9
 0002:00002C0C 000000CC C=BSS      S=.bss     G=DGROUP   M=UxTheme  ACBP=A9
 0002:00002CD8 00000004 C=BSS      S=.bss     G=DGROUP   M=RichEdit ACBP=A9
 0002:00002CDC 00000004 C=BSS      S=.bss     G=DGROUP   M=ToolWin  ACBP=A9
 0002:00002CE0 00000004 C=BSS      S=.bss     G=DGROUP   M=ShellAPI ACBP=A9
 0002:00002CE4 00000004 C=BSS      S=.bss     G=DGROUP   M=RegStr   ACBP=A9
 0002:00002CE8 00000004 C=BSS      S=.bss     G=DGROUP   M=WinInet  ACBP=A9
 0002:00002CEC 00000004 C=BSS      S=.bss     G=DGROUP   M=UrlMon   ACBP=A9
 0002:00002CF0 00000004 C=BSS      S=.bss     G=DGROUP   M=ShlObj   ACBP=A9
 0002:00002CF4 00000004 C=BSS      S=.bss     G=DGROUP   M=CommDlg  ACBP=A9
 0002:00002CF8 00000004 C=BSS      S=.bss     G=DGROUP   M=Dlgs     ACBP=A9
 0002:00002CFC 0000000C C=BSS      S=.bss     G=DGROUP   M=Dialogs  ACBP=A9
 0002:00002D08 00000004 C=BSS      S=.bss     G=DGROUP   M=ExtCtrls ACBP=A9
 0002:00002D0C 00000004 C=BSS      S=.bss     G=DGROUP   M=ComStrs  ACBP=A9
 0002:00002D10 0000000C C=BSS      S=.bss     G=DGROUP   M=Clipbrd  ACBP=A9
 0002:00002D1C 00000004 C=BSS      S=.bss     G=DGROUP   M=StrUtils ACBP=A9
 0002:00002D20 00000030 C=BSS      S=.bss     G=DGROUP   M=Buttons  ACBP=A9
 0002:00002D50 00000004 C=BSS      S=.bss     G=DGROUP   M=ExtDlgs  ACBP=A9
 0002:00002D54 00000004 C=BSS      S=.bss     G=DGROUP   M=IniFiles ACBP=A9
 0002:00002D58 00000004 C=BSS      S=.bss     G=DGROUP   M=Registry ACBP=A9
 0002:00002D5C 00000004 C=BSS      S=.bss     G=DGROUP   M=Mapi     ACBP=A9
 0002:00002D60 00000009 C=BSS      S=.bss     G=DGROUP   M=ExtActns ACBP=A9
 0002:00002D6C 00000004 C=BSS      S=.bss     G=DGROUP   M=ListActns ACBP=A9
 0002:00002D70 00000010 C=BSS      S=.bss     G=DGROUP   M=ComCtrls ACBP=A9
 0002:00002D80 00000008 C=BSS      S=.bss     G=DGROUP   M=Themes   ACBP=A9
 0002:00002D88 00000004 C=BSS      S=.bss     G=DGROUP   M=StdCtrls ACBP=A9
 0002:00002D8C 00000004 C=BSS      S=.bss     G=DGROUP   M=StdActns ACBP=A9
 0002:00002D90 00000014 C=BSS      S=.bss     G=DGROUP   M=WinHelpViewer ACBP=A9
 0002:00002DA4 00000080 C=BSS      S=.bss     G=DGROUP   M=Controls ACBP=A9
 0002:00002E24 00000004 C=BSS      S=.bss     G=DGROUP   M=ActnList ACBP=A9
 0002:00002E28 0000000C C=BSS      S=.bss     G=DGROUP   M=ImgList  ACBP=A9
 0002:00002E34 00000010 C=BSS      S=.bss     G=DGROUP   M=Menus    ACBP=A9
 0002:00002E44 00000020 C=BSS      S=.bss     G=DGROUP   M=Forms    ACBP=A9
 0002:00002E64 00000004 C=BSS      S=.bss     G=DGROUP   M=cefgui   ACBP=A9
 0002:00002E68 00000004 C=BSS      S=.bss     G=DGROUP   M=AppEvnts ACBP=A9
 0002:00002E6C 00000004 C=BSS      S=.bss     G=DGROUP   M=cefvcl   ACBP=A9
 0002:00002E70 00000004 C=BSS      S=.bss     G=DGROUP   M=XPMan    ACBP=A9
 0002:00002E74 00000008 C=BSS      S=.bss     G=DGROUP   M=main     ACBP=A9
 0002:00002E7C 00000004 C=BSS      S=.bss     G=DGROUP   M=ceffilescheme ACBP=A9


  Address         Publics by Name

 0002:00002D1C       .1
 0002:0000279C       .1
 0002:00002B1C       .1
 0002:00002D98       .1
 0002:00002BF8       .1
 0002:00002B84       .1
 0002:00002BB0       .1
 0002:00002670       .1
 0002:00002D0C       .1
 0002:00002678       .1
 0002:00002CC8       .1
 0002:00002CD8       .1
 0002:00002D5C       .1
 0002:00002CF8       .1
 0002:00002CF4       .1
 0002:00002CF0       .1
 0002:00002BC4       .1
 0002:00002CEC       .1
 0002:0000283C       .1
 0002:00002CE8       .1
 0002:00002CE4       .1
 0002:00002668       .1
 0002:00002CE0       .1
 0002:00002CFC       .11
 0002:00002B24       .12
 0002:00002D08       .12
 0002:00002E70       .2
 0002:00002D80       .2
 0002:00002BC8       .2
 0002:00002D14       .2
 0002:00002888       .2
 0002:00002E7C       .2
 0002:00002B80       .21
 0002:00002E68       .3
 0002:00002BD0       .3
 0002:00002844       .3
 0002:00002674       .3
 0002:00002D50       .3
 0002:00002E28       .3
 0002:00002BD4       .3
 0002:0000278C       .35
 0002:00002D70       .36
 0002:00002D20       .4
 0002:00002CDC       .4
 0002:00002E78       .4
 0002:00002E4C       .41
 0002:00002D88       .42
 0002:00002854       .45
 0002:000025B8       .5
 0002:000027F8       .5
 0002:00002D58       .5
 0002:00002890       .511
 0002:00002E6C       .6
 0002:00002840       .6
 0002:0000288C       .6
 0002:00002DAC       .72
 0002:00002D60       .72
 0002:00002D8C       .73
 0002:00002E24       .8
 0002:00002D6C       .8
 0002:00002D54       .8
 0002:00002E64       .81
 0002:0000281C       .81
 0002:00002E3C       .9
 0001:00001E90       @AbstractError
 0001:00002A04       @AfterConstruction
 0001:00002848       @AsClass
 0001:00003400       @Assert
 0001:00002034       @AStrCmp
 0001:00002A14       @BeforeDestruction
 0001:00002894       @CallDynaInst
 0001:000029AC       @ClassCreate
 0001:000029FC       @ClassDestroy
 0001:00001F00       @Close
 0001:00001C00       @Copy
 0001:000041AC       @CopyArray
 0001:00004090       @CopyRecord
 0001:000042A0       @DispCallByIDError
 0001:0000E394       @DispInvokeError
 0001:00002E90       @DoneExcept
 0001:000044F0       @DynArrayAsg
 0001:000044B4       @DynArrayClear
 0001:000042D4       @DynArrayHigh
 0001:000042CC       @DynArrayLength
 0001:000044A8       @DynArraySetLength
 0001:00002F78       @ExceptionHandler
 0001:000020A4       @FillChar
 0001:0000406C       @Finalize
 0001:00003F80       @FinalizeArray
 0001:00003F34       @FinalizeRecord
 0001:000025C4       @FpuInit
 0001:00002500       @FpuMaskInit
 0001:00001A74       @FreeMem
 0001:00001A44       @GetMem
 0001:00005338       @GetTls
 0001:000033E8       @Halt
 0001:00003308       @Halt0
 0001:00002B28       @HandleAnyException
 0001:00002DDC       @HandleFinally
 0001:00002C54       @HandleOnException
 0001:00005384       @InitExe
 0001:00003EA0       @InitializeArray
 0001:00003E70       @InitializeRecord
 0001:000031CC       @InitImports
 0001:000031A4       @InitResStringImports
 0001:00003180       @InitResStrings
 0001:00004C7C       @IntfAddRef
 0001:00004C4C       @IntfCast
 0001:00004C08       @IntfClear
 0001:00004C20       @IntfCopy
 0001:00002824       @IsClass
 0001:000024D0       @isNECWindows
 0001:000038E0       @LStrAddRef
 0001:00003444       @LStrArrayClr
 0001:00003474       @LStrAsg
 0001:000036F8       @LStrCat
 0001:0000373C       @LStrCat3
 0001:000037B0       @LStrCatN
 0001:00003420       @LStrClr
 0001:0000383C       @LStrCmp
 0001:00003950       @LStrCopy
 0001:00003990       @LStrDelete
 0001:000036A0       @LStrFromArray
 0001:00003608       @LStrFromChar
 0001:00003628       @LStrFromPChar
 0001:00003510       @LStrFromPCharLen
 0001:00003658       @LStrFromPWChar
 0001:0000357C       @LStrFromPWCharLen
 0001:00003694       @LStrFromString
 0001:00003618       @LStrFromWChar
 0001:000036B8       @LStrFromWStr
 0001:000039D8       @LStrInsert
 0001:000034B8       @LStrLAsg
 0001:000036F0       @LStrLen
 0001:00003A34       @LStrPos
 0001:00003A7C       @LStrSetLength
 0001:000038F0       @LStrToPChar
 0001:000036CC       @LStrToString
 0001:000034E4       @NewAnsiString
 0001:00003AE8       @NewWideString
 0001:000021E4       @Pow10
 0001:00001FB0       @PStrCmp
 0001:00001F88       @PStrCpy
 0001:00001F58       @PStrNCat
 0001:00001F94       @PStrNCpy
 0001:00002E3C       @RaiseAgain
 0001:00002E14       @RaiseExcept
 0001:00001A94       @ReallocMem
 0001:00001E84       @ROUND
 0001:000033F4       @RunError
 0001:000021C8       @SetEq
 0001:00003140       @StartExe
 0001:000002B8       @strlen
 0001:00002EC0       @TryFinallyExit
 0001:00003948       @UniqueStringA
 0001:000020C4       @ValLong
 0001:0000FA8C       @VarAddRef
 0001:0000E680       @VarClear
 0001:00003F68       @VarClr
 0001:0000E694       @VarClr
 0001:00004078       @VarCopy
 0001:0000E9BC       @VarCopy
 0001:0000F9C4       @VarFromBool
 0001:0000FA14       @VarFromCurr
 0001:0000F95C       @VarFromInt
 0001:0000F998       @VarFromInt64
 0001:0000FA28       @VarFromLStr
 0001:0000F9EC       @VarFromReal
 0001:0000FA00       @VarFromTDateTime
 0001:0000FA54       @VarFromWStr
 0001:0000E3E8       @VarNull
 0001:0000ECE8       @VarToLStr
 0001:0000F408       @VarToWStr
 0001:00003E50       @WStrAddRef
 0001:00003B28       @WStrArrayClr
 0001:00003B4C       @WStrAsg
 0001:00003C90       @WStrCat
 0001:00003CF0       @WStrCatN
 0001:00003B10       @WStrClr
 0001:00003D38       @WStrCmp
 0001:00003DBC       @WStrCopy
 0001:00003C64       @WStrFromLStr
 0001:00003B78       @WStrFromPCharLen
 0001:00003C28       @WStrFromPWChar
 0001:00003C04       @WStrFromPWCharLen
 0001:00003B70       @WStrLAsg
 0001:00003C84       @WStrLen
 0001:00003E08       @WStrSetLength
 0001:00003C74       @WStrToPWChar
 0001:000021A4       @_CLenToPasStr
 0001:00002198       @_CToPasStr
 0001:00001BD0       @_IOTest
 0001:000042A8       @_llmul
 0001:0000AED0       Abort
 0001:0004A8B8       AbsMin
 0001:0000B254       AbstractErrorHandler
 0002:00002028       AbstractErrorProc
 0002:00000140       AccessMode
 0001:00001B30       AcquireExceptionObject
 0001:00013340       ActivateClassGroup
 0001:0000597C       ActivateKeyboardLayout
 0002:00002DE0       ActiveDrag
 0001:00010CDC       ActiveX
 0001:0005A41C       ActnList
 0001:00000418       AddBlockAfter
 0002:000003B4       AddDataModule
 0001:00007100       AddExitProc
 0001:00017300       AddFinished
 0001:0005DC18       AddIn
 0001:00004A60       AddModuleUnloadProc
 0001:00004A70       AddModuleUnloadProc
 0001:00017338       AddNotFinished
 0001:00017D5C       AddSubComponentsToLoaded
 0001:000331B0       AdjustColor
 0001:0003C948       AdjustColors
 0001:000073CC       AdjustLineBreaks
 0001:00064CBC       Adjustment
 0001:00005984       AdjustWindowRectEx
 0002:00000B28       Alignments
 0002:0000087C       Alignments
 0002:00000D80       Alignments
 0002:00000D90       Alignments
 0001:0006BC00       AlignWork
 0001:00050038       AlignWork
 0001:0001B450       AllocateHWnd
 0001:0003AB50       AllocFilterStr
 0001:000070A4       AllocMem
 0002:000025B0       AllocMemCount
 0002:000025B4       AllocMemSize
 0001:00036C70       AllocPatternBitmap
 0001:000052E0       AllocTlsBuffer
 0002:00000B6C       AnchorAlign
 0002:00000B60       AnimateWindowProc
 0002:00000C68       AnimationStyle
 0001:000072D4       AnsiCompareStr
 0001:0000730C       AnsiCompareText
 0001:00007BC4       AnsiLastChar
 0001:0000598C       AnsiLower
 0001:0000BC24       AnsiPos
 0001:000624A0       AnsiSameCaption
 0001:00007344       AnsiSameText
 0001:0000735C       AnsiStrLIComp
 0001:0000BC60       AnsiStrPos
 0001:0000BD20       AnsiStrRScan
 0001:0000BD68       AnsiStrScan
 0001:0000507C       AnsiToUtf8
 0001:000072A0       AnsiUpperCase
 0001:000091E8       AppendChars
 0001:000095B4       AppendFormat
 0001:0000924C       AppendNumber
 0001:0000922C       AppendString
 0001:00073870       AppEvnts
 0002:00002E44       Application
 0002:000003C4       ApplicationHandleException
 0002:000003CC       ApplicationShowException
 0002:00000EBC       AppVisible
 0001:0000B238       AssertErrorHandler
 0002:00002020       AssertErrorProc
 0001:00010774       AssignLongStr
 0001:00010B18       AssignVariant
 0002:00002608       avail
 0001:00007D3C       BackfillGetDiskFreeSpaceEx
 0001:0004D44C       BackgroundClipped
 0001:0000D388       BackupVarBoolFromStr
 0001:0000D4E8       BackupVarBStrFromBool
 0001:0000D408       BackupVarBStrFromCy
 0001:0000D478       BackupVarBStrFromDate
 0001:0000D31C       BackupVarCyFromStr
 0001:0000D2B0       BackupVarDateFromStr
 0001:0000D16C       BackupVarI4FromStr
 0001:0000D118       BackupVariantChangeTypeEx
 0001:0000D1D8       BackupVarR4FromStr
 0001:0000D244       BackupVarR8FromStr
 0001:00005994       BeginDeferWindowPos
 0001:00013698       BeginGlobalLoading
 0001:0000599C       BeginPaint
 0001:000331BC       BetterSize
 0001:0005EAAC       BiDiDraw
 0001:000057BC       BitBlt
 0002:00000A00       BitBtnCaptions
 0002:00002D24       BitBtnGlyphs
 0002:00000750       BitmapCanvasList
 0002:00002B3C       BitmapImageLock
 0001:0000D154       BiUnimplemented
 0002:000003EC       BlockCode
 0002:000025E0       blockDescBlockList
 0002:000025E4       blockDescFreeList
 0002:000003A8       BooleanIdents
 0002:00000324       BooleanToStringRule
 0001:0000793C       BoolToStr
 0001:0000EA70       BoolToWStrViaOS
 0002:00000874       BorderStyles
 0002:00000AF0       BorderStyles
 0001:00012658       Bounds
 0001:00005424       Bounds
 0002:00000D28       Breaks
 0002:00002B74       BrushManager
 0001:00061280       BuildImage
 0002:00000848       ButtonCaptions
 0002:00000A30       ButtonCount
 0002:0000081C       ButtonNames
 0001:0004038C       Buttons
 0002:00000DA4       Buttons
 0002:00000B58       ButtonStyles
 0001:00032988       BytesPerScanline
 0001:00032CEC       ByteSwapColors
 0001:0000B910       ByteToCharIndex
 0001:0000B8E8       ByteToCharLen
 0001:0000B8AC       ByteType
 0001:0000B834       ByteTypeTest
 0002:00002E2C       CachedComCtrlVer
 0001:0001B38C       CalcJmpOffset
 0001:00057CF8       CalcSplitterPos
 0001:000773A0       CallbackGetSource
 0001:000775C0       CallbackGetText
 0001:000059A4       CallNextHookEx
 0001:0000C574       CallTerminateProcs
 0001:000059AC       CallWindowProc
 0001:0004B8F0       CancelDrag
 0002:00002DF4       CanvasList
 0002:00002B78       CanvasList
 0002:00000808       Captions
 0002:00000C24       CaptureControl
 0002:00000CC8       cBooleanToItemAutoFlag
 0002:00000470       CefAcceptLanguageList
 0002:0000046C       CefBackgroundColor
 0001:000251B8       CefBrowserHostCreateSync
 0002:00000480       CefBrowserProcessHandler
 0002:00000450       CefBrowserSubprocessPath
 0002:0000041C       CefCache
 0002:00000454       CefCommandLineArgsDisabled
 0002:00000460       CefContextSafetyImplementation
 0001:00024FFC       CefCreateUrl
 0001:00024C70       CefDoMessageLoopWork
 0001:00079AC4       ceffilescheme
 0001:00024E50       CefGetData
 0001:00024E70       CefGetObject
 0001:0007291C       cefgui
 0002:00000468       CefIgnoreCertificateErrors
 0002:00000EC8       CefInstances
 0002:00000494       CefIsMainProcess
 0002:00000438       CefJavaScriptFlags
 0001:0002F814       ceflib
 0002:00000418       CefLibrary
 0001:0002268C       CefLoadLib
 0001:000225E4       CefLoadLibDefault
 0002:0000042C       CefLocale
 0002:00000440       CefLocalesDirPath
 0002:00000430       CefLogFile
 0002:00000434       CefLogSeverity
 0002:0000044C       CefNoSandbox
 0002:00000488       CefOnBeforeCommandLineProcessing
 0002:0000048C       CefOnRegisterCustomSchemes
 0002:00000444       CefPackLoadingDisabled
 0001:00024E78       CefParseUrl
 0002:00000464       CefPersistSessionCookies
 0002:00000428       CefProductVersion
 0001:00024D9C       CefRegisterSchemeHandlerFactory
 0002:00000458       CefRemoteDebuggingPort
 0002:00000484       CefRenderProcessHandler
 0002:0000047C       CefResourceBundleHandler
 0002:0000043C       CefResourcesDirPath
 0001:00024C80       CefShutDown
 0002:00000448       CefSingleProcess
 0001:00024CAC       CefString
 0001:00024CD0       CefString
 0001:00024CF0       CefStringAlloc
 0001:00024D58       CefStringClearAndGet
 0001:00024D74       CefStringFreeAndGet
 0001:00024D2C       CefStringSet
 0002:00000ECC       CefTimer
 0001:0002528C       CefTimeToDateTime
 0001:00025214       CefTimeToSystemTime
 0002:0000045C       CefUncaughtExceptionStackSize
 0002:00000424       CefUserAgent
 0002:00000420       CefUserDataPath
 0001:000765A0       cefvcl
 0002:00000478       CefWindowlessRenderingEnabled
 0002:00000474       CefWindowsSandboxInfo
 0002:0000298C       cef_add_cross_origin_whitelist_entry
 0002:00002A9C       cef_add_web_plugin_directory
 0002:00002A98       cef_add_web_plugin_path
 0001:000276C8       cef_app_get_browser_process_handler
 0001:00027724       cef_app_get_render_process_handler
 0001:0002766C       cef_app_get_resource_bundle_handler
 0001:00027598       cef_app_on_before_command_line_processing
 0001:00027610       cef_app_on_register_custom_schemes
 0002:000029B8       cef_base64decode
 0002:000029B4       cef_base64encode
 0001:000252FC       cef_base_add_ref
 0001:00025348       cef_base_add_ref_owned
 0001:0002532C       cef_base_has_one_ref
 0001:0002535C       cef_base_has_one_ref_owned
 0001:00025314       cef_base_release
 0001:00025350       cef_base_release_owned
 0002:00002AC0       cef_begin_tracing
 0002:00002A74       cef_binary_value_create
 0002:0000291C       cef_browser_host_create_browser
 0002:00002920       cef_browser_host_create_browser_sync
 0001:000277E8       cef_browser_process_handler_on_before_child_process_launch
 0001:000277D4       cef_browser_process_handler_on_context_initialized
 0001:00027844       cef_browser_process_handler_on_render_process_thread_created
 0002:00002994       cef_clear_cross_origin_whitelist
 0002:00002988       cef_clear_scheme_handler_factories
 0001:00025368       cef_client_get_context_menu_handler
 0001:000253C8       cef_client_get_dialog_handler
 0001:00025428       cef_client_get_display_handler
 0001:00025488       cef_client_get_download_handler
 0001:000254E8       cef_client_get_drag_handler
 0001:00025548       cef_client_get_find_handler
 0001:000255A8       cef_client_get_focus_handler
 0001:00025608       cef_client_get_geolocation_handler
 0001:000257E8       cef_client_get_get_render_handler
 0001:00025668       cef_client_get_jsdialog_handler
 0001:000256C8       cef_client_get_keyboard_handler
 0001:00025728       cef_client_get_life_span_handler
 0001:00025788       cef_client_get_load_handler
 0001:00025848       cef_client_get_request_handler
 0001:000258A8       cef_client_on_process_message_received
 0002:00002A64       cef_command_line_create
 0002:00002A68       cef_command_line_get_global
 0001:000286FC       cef_completion_callback_on_complete
 0001:00027034       cef_context_menu_handler_on_before_context_menu
 0001:000271C8       cef_context_menu_handler_on_context_menu_command
 0001:00027274       cef_context_menu_handler_on_context_menu_dismissed
 0001:000270EC       cef_context_menu_handler_run_context_menu
 0002:00002A60       cef_cookie_manager_create_manager
 0002:00002A5C       cef_cookie_manager_get_global_manager
 0001:00027490       cef_cookie_visitor_visit
 0002:000029A8       cef_create_url
 0002:00002998       cef_currently_on
 0001:00028900       cef_delete_cookie_callback_on_complete
 0001:00028160       cef_dialog_handler_on_file_dialog
 0002:00002A78       cef_dictionary_value_create
 0001:0002678C       cef_display_handler_on_address_change
 0001:00026B2C       cef_display_handler_on_console_message
 0001:00026898       cef_display_handler_on_favicon_urlchange
 0001:000269AC       cef_display_handler_on_fullscreen_mode_change
 0001:00026AB4       cef_display_handler_on_status_message
 0001:00026820       cef_display_handler_on_title_change
 0001:00026A10       cef_display_handler_on_tooltip
 0001:00027438       cef_dom_visitor_visite
 0001:000272F0       cef_download_handler_on_before_download
 0001:000273A0       cef_download_handler_on_download_updated
 0002:00002924       cef_do_message_loop_work
 0002:00002B14       cef_drag_data_create
 0001:00028798       cef_drag_handler_on_draggable_regions_changed
 0001:00028710       cef_drag_handler_on_drag_enter
 0002:00002934       cef_enable_highdpi_support
 0002:00002AC4       cef_end_tracing
 0002:00002938       cef_execute_process
 0001:000287FC       cef_find_handler_on_find_result
 0001:00026C94       cef_focus_handler_on_got_focus
 0001:00026C2C       cef_focus_handler_on_set_focus
 0001:00026BC8       cef_focus_handler_on_take_focus
 0002:00002AA8       cef_force_web_plugin_shutdown
 0001:000259CC       cef_geolocation_handler_on_cancel_geolocation_permission
 0001:0002592C       cef_geolocation_handler_on_request_geolocation_permission
 0002:00002AE8       cef_get_current_platform_thread_handle
 0002:00002AE4       cef_get_current_platform_thread_id
 0002:000029B0       cef_get_extensions_for_mime_type
 0002:00002AB4       cef_get_geolocation
 0002:000029AC       cef_get_mime_type
 0002:00002AD8       cef_get_min_log_level
 0002:00002A80       cef_get_path
 0002:00002ADC       cef_get_vlog_level
 0002:0000293C       cef_initialize
 0002:00002AB0       cef_is_web_plugin_unstable
 0001:00026ED8       cef_jsdialog_handler_on_before_unload_dialog
 0001:00026FD8       cef_jsdialog_handler_on_dialog_closed
 0001:00026DE4       cef_jsdialog_handler_on_jsdialog
 0001:00026F7C       cef_jsdialog_handler_on_reset_dialog_state
 0001:00026D78       cef_keyboard_handler_on_key_event
 0001:00026CF0       cef_keyboard_handler_on_pre_key_event
 0002:00002A84       cef_launch_process
 0001:00025CB8       cef_life_span_handler_do_close
 0001:00025B9C       cef_life_span_handler_on_after_created
 0001:00025BF8       cef_life_span_handler_on_before_close
 0001:00025A48       cef_life_span_handler_on_before_popup
 0001:00025C54       cef_life_span_handler_run_modal
 0002:00002A7C       cef_list_value_create
 0001:00025D1C       cef_load_handler_on_loading_state_change
 0001:00025E0C       cef_load_handler_on_load_end
 0001:00025E8C       cef_load_handler_on_load_error
 0001:00025D90       cef_load_handler_on_load_start
 0002:00002AE0       cef_log
 0001:00028870       cef_navigation_entry_visitor_visit
 0002:00002AC8       cef_now_from_system_trace_time
 0002:000029C4       cef_parse_csscolor
 0002:000029C8       cef_parse_json
 0002:000029CC       cef_parse_jsonand_return_error
 0002:000029A4       cef_parse_url
 0001:00028918       cef_pdf_print_callback_on_pdf_print_finished
 0002:000029D8       cef_post_data_create
 0002:000029DC       cef_post_data_element_create
 0002:000029A0       cef_post_delayed_task
 0002:0000299C       cef_post_task
 0002:00002B10       cef_print_settings_create
 0002:00002A6C       cef_process_message_create
 0002:0000292C       cef_quit_message_loop
 0002:00002A94       cef_refresh_web_plugins
 0002:00002980       cef_register_extension
 0002:00002984       cef_register_scheme_handler_factory
 0002:00002AAC       cef_register_web_plugin_crash
 0002:00002990       cef_remove_cross_origin_whitelist_entry
 0002:00002AA0       cef_remove_web_plugin_path
 0001:000282C0       cef_render_handler_get_root_screen_rect
 0001:00028390       cef_render_handler_get_screen_point
 0001:00028328       cef_render_handler_get_view_rect
 0001:0002853C       cef_render_handler_on_cursor_change
 0001:000284C8       cef_render_handler_on_paint
 0001:00028404       cef_render_handler_on_popup_show
 0001:00028468       cef_render_handler_on_popup_size
 0001:00028694       cef_render_handler_on_scroll_offset_changed
 0001:000285A4       cef_render_handler_start_dragging
 0001:00028634       cef_render_handler_update_drag_cursor
 0001:000279C8       cef_render_process_handler_get_load_handler
 0001:000279EC       cef_render_process_handler_on_before_navigation
 0001:00027910       cef_render_process_handler_on_browser_created
 0001:0002796C       cef_render_process_handler_on_browser_destroyed
 0001:00027A98       cef_render_process_handler_on_context_created
 0001:00027B34       cef_render_process_handler_on_context_released
 0001:00027CA4       cef_render_process_handler_on_focused_node_changed
 0001:00027D40       cef_render_process_handler_on_process_message_received
 0001:000278A0       cef_render_process_handler_on_render_thread_created
 0001:00027BD0       cef_render_process_handler_on_uncaught_exception
 0001:000278FC       cef_render_process_handler_on_web_kit_initialized
 0002:00002AD0       cef_request_context_create_context
 0002:00002ACC       cef_request_context_get_global_context
 0002:000029D4       cef_request_create
 0001:00026380       cef_request_handler_get_auth_credentials
 0001:00026144       cef_request_handler_get_resource_handler
 0001:00025F38       cef_request_handler_on_before_browse
 0001:00026088       cef_request_handler_on_before_resource_load
 0001:0002659C       cef_request_handler_on_certificate_error
 0001:00025FE0       cef_request_handler_on_open_urlfrom_tab
 0001:00026658       cef_request_handler_on_plugin_crashed
 0001:0002650C       cef_request_handler_on_protocol_execution
 0001:00026468       cef_request_handler_on_quota_request
 0001:0002672C       cef_request_handler_on_render_process_terminated
 0001:000266D0       cef_request_handler_on_render_view_ready
 0001:000261F8       cef_request_handler_on_resource_redirect
 0001:000262C4       cef_request_handler_on_resource_response
 0002:00002B18       cef_resource_bundle_get_global
 0001:00028058       cef_resource_handler_cancel
 0001:00028018       cef_resource_handler_can_get_cookie
 0001:00028038       cef_resource_handler_can_set_cookie
 0001:00027F14       cef_resource_handler_get_response_headers
 0001:00027E90       cef_resource_handler_process_request
 0001:00027FA8       cef_resource_handler_read_response
 0002:00002A88       cef_response_create
 0001:0002806C       cef_run_file_dialog_callback_on_file_dialog_dismissed
 0002:00002928       cef_run_message_loop
 0001:00027DC4       cef_scheme_handler_factory_create
 0001:000288E4       cef_set_cookie_callback_on_complete
 0002:00002930       cef_set_osmodal_loop
 0002:00002940       cef_shutdown
 0002:000029E4       cef_stream_reader_create_for_data
 0002:000029E0       cef_stream_reader_create_for_file
 0002:000029E8       cef_stream_reader_create_for_handler
 0002:000029EC       cef_stream_writer_create_for_file
 0002:000029F0       cef_stream_writer_create_for_handler
 0002:000028F4       cef_string_ascii_to_utf16
 0002:000028F0       cef_string_ascii_to_wide
 0002:000028B0       cef_string_clear
 0002:000028F8       cef_string_from_ascii
 0002:000028E4       cef_string_from_utf16
 0002:000028DC       cef_string_from_utf8
 0002:000028EC       cef_string_from_wide
 0002:00002964       cef_string_list_alloc
 0002:00002970       cef_string_list_append
 0002:00002974       cef_string_list_clear
 0002:0000297C       cef_string_list_copy
 0002:00002978       cef_string_list_free
 0002:00002968       cef_string_list_size
 0002:0000296C       cef_string_list_value
 0002:00002944       cef_string_map_alloc
 0002:00002958       cef_string_map_append
 0002:0000295C       cef_string_map_clear
 0002:0000294C       cef_string_map_find
 0002:00002960       cef_string_map_free
 0002:00002950       cef_string_map_key
 0002:00002948       cef_string_map_size
 0002:00002954       cef_string_map_value
 0002:00002A38       cef_string_multimap_alloc
 0002:00002A50       cef_string_multimap_append
 0002:00002A54       cef_string_multimap_clear
 0002:00002A44       cef_string_multimap_enumerate
 0002:00002A40       cef_string_multimap_find_count
 0002:00002A58       cef_string_multimap_free
 0002:00002A48       cef_string_multimap_key
 0002:00002A3C       cef_string_multimap_size
 0002:00002A4C       cef_string_multimap_value
 0002:000028A0       cef_string_set
 0002:000028E0       cef_string_to_utf16
 0002:000028D8       cef_string_to_utf8
 0002:000028E8       cef_string_to_wide
 0002:00002908       cef_string_userfree_alloc
 0002:00002918       cef_string_userfree_free
 0002:00002904       cef_string_userfree_utf16_alloc
 0002:00002914       cef_string_userfree_utf16_free
 0002:00002900       cef_string_userfree_utf8_alloc
 0002:00002910       cef_string_userfree_utf8_free
 0002:000028FC       cef_string_userfree_wide_alloc
 0002:0000290C       cef_string_userfree_wide_free
 0002:000028AC       cef_string_utf16_clear
 0002:000028BC       cef_string_utf16_cmp
 0001:000225C8       cef_string_utf16_copy
 0002:0000289C       cef_string_utf16_set
 0002:000028D4       cef_string_utf16_to_utf8
 0002:000028CC       cef_string_utf16_to_wide
 0002:000028A8       cef_string_utf8_clear
 0002:000028B8       cef_string_utf8_cmp
 0002:00002898       cef_string_utf8_set
 0002:000028D0       cef_string_utf8_to_utf16
 0002:000028C4       cef_string_utf8_to_wide
 0001:00027780       cef_string_visitor_visit
 0002:000028A4       cef_string_wide_clear
 0002:000028B4       cef_string_wide_cmp
 0002:00002894       cef_string_wide_set
 0002:000028C8       cef_string_wide_to_utf16
 0002:000028C0       cef_string_wide_to_utf8
 0002:00002AB8       cef_task_runner_get_for_current_thread
 0002:00002ABC       cef_task_runner_get_for_thread
 0002:00002AF8       cef_trace_counter
 0002:00002AFC       cef_trace_counter_id
 0002:00002B00       cef_trace_event_async_begin
 0002:00002B0C       cef_trace_event_async_end
 0002:00002B04       cef_trace_event_async_step_into
 0002:00002B08       cef_trace_event_async_step_past
 0002:00002AF0       cef_trace_event_begin
 0002:00002AF4       cef_trace_event_end
 0002:00002AEC       cef_trace_event_instant
 0002:00002AA4       cef_unregister_internal_web_plugin
 0002:000029C0       cef_uridecode
 0002:000029BC       cef_uriencode
 0002:00002A8C       cef_urlrequest_create
 0002:000029F4       cef_v8context_get_current_context
 0002:000029F8       cef_v8context_get_entered_context
 0002:000029FC       cef_v8context_in_context
 0002:00002A2C       cef_v8stack_trace_get_current
 0002:00002A24       cef_v8value_create_array
 0002:00002A08       cef_v8value_create_bool
 0002:00002A18       cef_v8value_create_date
 0002:00002A14       cef_v8value_create_double
 0002:00002A28       cef_v8value_create_function
 0002:00002A0C       cef_v8value_create_int
 0002:00002A04       cef_v8value_create_null
 0002:00002A20       cef_v8value_create_object
 0002:00002A1C       cef_v8value_create_string
 0002:00002A10       cef_v8value_create_uint
 0002:00002A00       cef_v8value_create_undefined
 0002:00002A70       cef_value_create
 0002:00002A90       cef_visit_web_plugin_info
 0002:000029D0       cef_write_json
 0002:00002A30       cef_xml_reader_create
 0002:00002A34       cef_zip_reader_create
 0001:0003A460       CenterWindow
 0002:00002D12       CF_COMPONENT
 0002:00002D10       CF_PICTURE
 0002:00002814       ChangeAnyProc
 0001:00049E1C       ChangeBiDiModeAlignment
 0002:00000B08       CharCases
 0001:00003540       CharFromWChar
 0001:0000BAF4       CharLength
 0001:00000238       CharNext
 0001:000059B4       CharNext
 0001:0003128C       CharsetToIdent
 0001:0000B9FC       CharToByteIndex
 0001:0000BA60       CharToByteLen
 0001:000059BC       CharToOemA
 0001:000059C4       CharUpperBuff
 0001:00033778       CheckBool
 0001:00002AA4       CheckJmp
 0001:000059CC       CheckMenuItem
 0002:00000D18       Checks
 0001:00017D98       CheckSubComponents
 0001:0001A164       CheckSynchronize
 0001:000646F8       CheckTaskWindow
 0001:0004B5A4       CheckUndock
 0001:0000B728       CheckWin32Version
 0002:00000328       CInvalidCustomVariantType
 0002:00000CCC       cItemAutoFlagToBoolean
 0002:00000CC4       cItemAutoFlagToMenu
 0001:0001B5DC       Classes
 0001:00013104       ClassNotFound
 0002:00002810       ClearAnyProc
 0001:00030B0C       ClearColor
 0001:0000FDC8       ClearVariantTypeList
 0001:000059D4       ClientToScreen
 0001:0005529C       ClientToWindow
 0002:00000748       ClipboardFormats
 0001:0003DBF0       Clipbrd
 0001:0000556C       CloseHandle
 0002:00002C10       CloseThemeData
 0002:0000203C       CmdLine
 0002:00002038       CmdShow
 0002:00000CC0       cMenuAutoFlagToItem
 0001:0000D160       CmpUnimplemented
 0002:000004C8       Colors
 0001:00031084       ColorToIdent
 0002:00000888       ColorToPretyName
 0001:00031074       ColorToRGB
 0002:00002B88       ComCtl32DLL
 0002:00002D7C       ComCtlVersion
 0001:00042858       ComCtrls
 0002:00002E40       CommandPool
 0001:0003756C       CommCtrl
 0001:00039C80       CommDlg
 0001:00000798       Commit
 0002:00002624       committedRoot
 0001:0005D1FC       CompareFront
 0001:00007208       CompareMem
 0001:000071D8       CompareStr
 0001:00005574       CompareString
 0001:00007228       CompareText
 0001:00007864       CompareWith
 0001:00017E78       ComponentCreated
 0001:0003DBAC       ComStrs
 0001:0002FAC8       Consts
 0001:000373D4       Contnrs
 0002:00002DB2       ControlAtom
 0002:00002DB8       ControlAtomString
 0001:000694A4       ControlHasHelp
 0001:00058978       Controls
 0001:0000AC60       ConvertAddr
 0001:00009340       ConvertEraString
 0001:00007068       ConvertError
 0001:00007080       ConvertErrorFmt
 0001:000094AC       ConvertYearString
 0001:000042DC       CopyArray
 0001:00034250       CopyBitmap
 0001:00034918       CopyBitmapAsMask
 0001:0004018C       CopyImage
 0001:000348B4       CopyPalette
 0002:00000A8C       Copyright
 0001:0006032C       CopyToBest
 0001:0000B96C       CountChars
 0002:00002B54       CounterLock
 0002:0000032C       CRangeToType
 0001:0000B17C       CreateAssertException
 0001:0000B304       CreateAVObject
 0001:000057C4       CreateBitmap
 0001:000057CC       CreateBrushIndirect
 0001:000057D4       CreateCompatibleBitmap
 0001:000057DC       CreateCompatibleDC
 0001:00017EF8       CreateComponent
 0001:000057EC       CreateDIBitmap
 0001:000057E4       CreateDIBSection
 0001:0000557C       CreateEvent
 0001:00005584       CreateFile
 0001:000057F4       CreateFontIndirect
 0001:000057FC       CreateHalftonePalette
 0001:000059DC       CreateIcon
 0001:0000B0A8       CreateInOutError
 0001:000059E4       CreateMenu
 0001:00005804       CreatePalette
 0001:0000580C       CreatePenIndirect
 0001:000059EC       CreatePopupMenu
 0001:00005814       CreateSolidBrush
 0001:00032D44       CreateSystemPalette
 0001:0000558C       CreateThread
 0001:00005F7C       CreateWindow
 0001:00005F24       CreateWindowEx
 0002:00002AD4       create_context_shared
 0002:00000B64       CreationControl
 0002:000007A4       CreationControl
 0002:00000394       CRelationshipToBoolean
 0002:00000310       CResult
 0002:00000138       cSimpleBoolStrs
 0002:00000340       CText
 0002:00000C60       Ctl3DStyles
 0002:0000261C       curAlloc
 0002:00002684       CurrencyDecimals
 0002:00002680       CurrencyFormat
 0002:0000267C       CurrencyString
 0001:000091D4       CurrentYear
 0001:00008C40       CurrToStr
 0001:0000EA00       CurrToWStrViaOS
 0002:00000E40       CursorMap
 0002:00000B74       Cursors
 0001:0004A13C       CursorToIdent
 0002:00000E30       cUseAlpha
 0002:00000E38       cUseColorKey
 0001:000075D8       CvtInt
 0001:00007644       CvtInt64
 0002:00000178       CWNear
 0001:0004055C       DataTypeToRegData
 0002:00002685       DateSeparator
 0001:000252C4       DateTimeToCefTime
 0001:00009DE8       DateTimeToStr
 0001:00009D8C       DateTimeToString
 0001:000090FC       DateTimeToSystemTime
 0001:00008D00       DateTimeToTimeStamp
 0001:0000EA38       DateToWStrViaOS
 0001:000091AC       DayOfWeek
 0002:00000174       DCon10
 0002:000004C4       DDBsOnly
 0001:0001B504       DeallocateHWnd
 0002:00000028       DebugHook
 0002:00002683       DecimalSeparator
 0001:000090DC       DecodeDate
 0001:00008F8C       DecodeDateFully
 0001:00008DF4       DecodeTime
 0001:00000858       Decommit
 0001:00000F84       DecommitFree
 0002:000025F8       decommittedRoot
 0001:00067124       Default
 0001:0006C83C       Default
 0002:00000020       Default8087CW
 0002:00000B68       DefaultDockTreeClass
 0002:000025BC       DefaultUserCodePage
 0002:00000718       DefBrushData
 0001:00005A0C       DeferWindowPos
 0002:00000498       DefFontData
 0001:000059F4       DefFrameProc
 0002:00000204       DefLongDayNames
 0002:000001B8       DefLongMonthNames
 0001:000059FC       DefMDIChildProc
 0002:000006F8       DefPenData
 0002:000001E8       DefShortDayNames
 0002:00000188       DefShortMonthNames
 0001:00005A04       DefWindowProc
 0001:00004548       DelayLoadResourceModule
 0001:00000474       DeleteBlock
 0001:00005594       DeleteCriticalSection
 0001:00000384       DeleteCriticalSection
 0001:0000581C       DeleteDC
 0001:00000D6C       DeleteFree
 0001:00005A14       DeleteMenu
 0001:00005824       DeleteObject
 0001:00033E0C       DeselectBitmap
 0001:00005A1C       DestroyCursor
 0001:00005A24       DestroyIcon
 0001:000402BC       DestroyLocals
 0001:00005A2C       DestroyMenu
 0001:00005A34       DestroyWindow
 0001:000476C4       DialogEnumerationTester
 0001:0003A514       DialogHook
 0001:0003B418       Dialogs
 0002:00000754       DIBPalSizes
 0002:0000008C       dig
 0001:00007AA4       DirectoryExists
 0001:00064534       DisableTaskWindows
 0001:00005A3C       DispatchMessage
 0001:0006A784       DispatchShortCut
 0002:00002000       DispCallByIDProc
 0001:0000704C       DivMod
 0001:00039CB8       Dlgs
 0001:0004FEC8       DoAlign
 0001:0006BAB4       DoAlign
 0001:00053F7C       DoCalcConstraints
 0002:00002DE8       DockSiteList
 0001:00060F4C       DoClick
 0001:0005160C       DoControlMsg
 0001:000644E4       DoDisableWindow
 0001:0004AED0       DoDragOver
 0001:000070C4       DoExitProc
 0001:00055FCC       DoFindControlZone
 0001:00064638       DoFindWindow
 0001:00056558       DoFindZone
 0001:00056050       DoForEach
 0001:0005795C       DoGetNextLimit
 0001:000644AC       DoneApplication
 0001:000586BC       DoneControls
 0001:0000B638       DoneExceptions
 0001:00068B00       DoNestedActivation
 0001:0001A124       DoneThreadSynchronization
 0001:0006DB70       DoOnHelp
 0001:0006B904       DoPosition
 0001:0004FA88       DoPosition
 0001:00056F84       DoPrune
 0001:0003C3DC       DoRect
 0001:0005745C       DoSaveZone
 0001:00057660       DoSetNewBounds
 0002:000003B0       DotSep
 0002:00000A34       DownStyles
 0001:000153B4       DoWrite
 0001:000339D0       DoWrite
 0001:0005B85C       DoWrite
 0001:00050BF4       DoWriteDesignSize
 0001:0004E54C       DoWriteIsControl
 0002:00002DCC       DragCapture
 0002:00002DC0       DragControl
 0001:0004B618       DragDone
 0001:0004AE80       DragFindTarget
 0001:0004AE54       DragFindWindow
 0002:00002DE4       DragImageList
 0001:0004B270       DragInit
 0001:0004B3E0       DragInitControl
 0002:00002DC8       DragInternalObject
 0001:0004AD9C       DragMessage
 0002:00002DC4       DragObject
 0002:00002DF0       DragSave
 0002:00002DD8       DragSaveCursor
 0002:00002DD0       DragStartPos
 0002:00002DDC       DragThreshold
 0001:0004AFA0       DragTo
 0001:0006C878       DrawAppIcon
 0001:00056AF0       DrawCloseButton
 0001:00005A44       DrawEdge
 0001:00005A4C       DrawFrameControl
 0001:00056B48       DrawGrabberLine
 0001:00005A54       DrawIcon
 0001:00005A5C       DrawIconEx
 0002:00000C9C       DrawingStyles
 0001:00005A64       DrawMenuBar
 0001:000622BC       DrawMenuItem
 0001:00005A6C       DrawText
 0002:00002C14       DrawThemeBackground
 0002:00002C38       DrawThemeEdge
 0002:00002C3C       DrawThemeIcon
 0002:00002CC0       DrawThemeParentBackground
 0002:00002C18       DrawThemeText
 0001:00032808       DupBits
 0001:000042F4       DynArrayClear
 0001:000042FC       DynArraySetLength
 0002:00000D88       EdgeStyle
 0002:00000C50       EdgeStyles
 0001:0000B07C       EHeapException.FreeInstance
 0002:00000B24       Empty
 0002:000027FC       EmptyParam
 0002:000000BC       EmptyStr
 0002:000000C0       EmptyWideStr
 0001:00005A74       EnableMenuItem
 0002:00000D20       Enables
 0001:00005A7C       EnableScrollBar
 0001:000645E8       EnableTaskWindows
 0002:00002CA8       EnableThemeDialogTexture
 0002:00002CC4       EnableTheming
 0001:00005A84       EnableWindow
 0001:00008F5C       EncodeDate
 0001:00008DB4       EncodeTime
 0001:00005A8C       EndDeferWindowPos
 0001:00013720       EndGlobalLoading
 0001:00005A94       EndPaint
 0001:00000374       EnterCriticalSection
 0001:0000559C       EnterCriticalSection
 0001:000055A4       EnumCalendarInfoA
 0002:00002BAC       EnumDisplayMonitors
 0001:0000A8D4       EnumEraNames
 0001:0000A910       EnumEraYearOffsets
 0001:000676E8       EnumMonitorsProc
 0001:00005A9C       EnumThreadWindows
 0001:000176A8       EnumValue
 0001:00005AA4       EnumWindows
 0001:00005AAC       EqualRect
 0002:0000274C       EraNames
 0001:0000A060       EraToYear
 0002:00002768       EraYearOffsets
 0002:00000064       errCaption
 0001:00016E8C       Error
 0001:00012CA8       Error
 0001:00001BC4       Error
 0001:0005CF4C       Error
 0002:00000004       ErrorAddr
 0001:00001B78       ErrorAt
 0001:0000B128       ErrorHandler
 0002:00000220       ErrorMap
 0002:00002008       ErrorProc
 0002:000023E4       ErrOutput
 0001:000788C0       Escape
 0001:00001B04       ExceptAddr
 0002:0000200C       ExceptClsProc
 0001:0000B5A4       ExceptHandler
 0001:0000AEF0       Exception.Create
 0001:0000AF2C       Exception.CreateFmt
 0001:0000AFAC       Exception.CreateRes
 0001:0000AFE8       Exception.CreateResFmt
 0002:0000201C       ExceptionClass
 0001:0000AC6C       ExceptionErrorMessage
 0002:00000258       ExceptMap
 0001:00001AE4       ExceptObject
 0002:00002010       ExceptObjProc
 0002:00002004       ExceptProc
 0001:0000582C       ExcludeClipRect
 0002:00000000       ExitCode
 0001:0000324C       ExitDll
 0002:00002044       ExitProc
 0001:00000240       ExitProcess
 0002:00002024       ExitProcessProc
 0002:00000134       ExitProcList
 0001:00007D00       ExpandFileName
 0001:0003A7EC       ExplorerHook
 0001:00040A34       ExtActns
 0001:0003DB4C       ExtCtrls
 0001:000403E4       ExtDlgs
 0001:00007CB8       ExtractFileExt
 0001:00007C80       ExtractFileName
 0001:0003AE64       ExtractFileName
 0001:0003AEAC       ExtractFileNames
 0001:00007C4C       ExtractFilePath
 0002:00002788       FalseBoolStrs
 0002:00002D18       FClipboard
 0002:00000168       FCon1E18
 0001:00007A9C       FileClose
 0001:00007A04       FileCreate
 0001:000079E0       FileCreate
 0002:0000074C       FileFormats
 0002:00000008       FileMode
 0001:00007988       FileOpen
 0001:00007A0C       FileRead
 0002:000003DC       FilerSignature
 0001:00007A64       FileSeek
 0001:00078E48       FileSortCompare
 0001:000055AC       FileTimeToDosDateTime
 0001:000055B4       FileTimeToLocalFileTime
 0001:000055BC       FileTimeToSystemTime
 0001:00007A38       FileWrite
 0001:00000EA4       FillAfterGap
 0001:00000E44       FillBeforeGap
 0001:00000F44       FillerSizeAfterGap
 0001:00000ECC       FillerSizeBeforeGap
 0001:00005AB4       FillRect
 0002:00000A3C       FillStyles
 0001:0003DBB4       Finalization
 0001:0003DC48       Finalization
 0001:0003DB7C       Finalization
 0001:0003DB04       Finalization
 0001:000787A0       Finalization
 0001:000765A8       Finalization
 0001:00076570       Finalization
 0001:0003B3BC       Finalization
 0001:00073840       Finalization
 0001:00040354       Finalization
 0001:0001B84C       Finalization
 0001:0001B6A8       Finalization
 0001:00010214       Finalization
 0001:000728EC       Finalization
 0001:00039C88       Finalization
 0001:00039C50       Finalization
 0001:0006EB74       Finalization
 0001:00010438       Finalization
 0001:00039C08       Finalization
 0001:0006259C       Finalization
 0001:00039B9C       Finalization
 0001:00039B64       Finalization
 0001:00010C54       Finalization
 0001:00039B2C       Finalization
 0001:00039AF4       Finalization
 0001:00039ABC       Finalization
 0001:00039A84       Finalization
 0001:00039A14       Finalization
 0001:0000D8B4       Finalization
 0001:00010CAC       Finalization
 0001:00079A94       Finalization
 0001:00079AF0       Finalization
 0001:000060CC       Finalization
 0001:000063F4       Finalization
 0001:0000D0C0       Finalization
 0001:0000CEC0       Finalization
 0001:0005BFAC       Finalization
 0001:000403B4       Finalization
 0001:00040404       Finalization
 0001:00040928       Finalization
 0001:0004098C       Finalization
 0001:0002F744       Finalization
 0001:0002FA98       Finalization
 0001:00039088       Finalization
 0001:000409E4       Finalization
 0001:0005A3EC       Finalization
 0001:00040A3C       Finalization
 0001:000427E0       Finalization
 0001:00058910       Finalization
 0001:00043428       Finalization
 0001:0001B52C       Finalization
 0001:00046B50       Finalization
 0001:00046CB8       Finalization
 0001:0004793C       Finalization
 0001:00005440       Finalization
 0001:00038D64       Finalization
 0001:000053C8       Finalization
 0001:00036CA8       Finalization
 0001:00038D2C       Finalization
 0001:000373A4       Finalization
 0001:00038CE4       Finalization
 0001:00005198       Finalization
 0001:00037CFC       Finalization
 0001:0003753C       Finalization
 0001:00037CBC       Finalization
 0001:000042EC       FinalizeArray
 0001:00003060       FinalizeUnits
 0001:00060D0C       Find
 0001:000045D8       FindBS
 0001:000131C4       FindClass
 0001:00004540       FindClassHInstance
 0001:000055C4       FindClose
 0001:00007BA8       FindClose
 0001:00000250       FindClose
 0001:00000E00       FindCommitted
 0001:00049F1C       FindControl
 0001:00056784       FindControlAtPos
 0001:0001006C       FindCustomVariantType
 0001:00010124       FindCustomVariantType
 0001:0004B93C       FindDragTarget
 0001:000180A8       FindExistingComponent
 0001:00007B34       FindFirst
 0001:000055CC       FindFirstFile
 0001:00000258       FindFirstFile
 0001:000135B0       FindGlobalComponent
 0001:00064744       FindGlobalComponent
 0002:00002860       FindGlobalComponentProcs
 0001:00004518       FindHInstance
 0001:00013458       FindIdentToInt
 0001:00007AC8       FindMatchingFile
 0002:00002D04       FindMsg
 0001:00017238       FindNestedComponent
 0001:00007B84       FindNext
 0001:000055D4       FindNextFile
 0001:0005CF14       FindPopupControl
 0001:0000D57C       FindProc
 0001:000055DC       FindResource
 0001:00004590       FindResourceHInstance
 0001:0006E3A4       FindScanline
 0001:0006469C       FindTopMostWindow
 0001:00018F8C       FindUniqueName
 0001:0004B908       FindVCLWindow
 0001:00005ABC       FindWindow
 0001:0004771C       FindWinHelp
 0001:00034204       FixupBitFields
 0002:00000D98       Flags
 0002:00002798       FLanguages
 0001:000390B8       FlatSB
 0002:00002BD8       FlatSB_EnableScrollBar
 0002:00002BE4       FlatSB_GetScrollInfo
 0002:00002BE8       FlatSB_GetScrollPos
 0002:00002BE0       FlatSB_GetScrollRange
 0002:00002BF0       FlatSB_SetScrollInfo
 0002:00002BEC       FlatSB_SetScrollPos
 0001:00038DA8       FlatSB_SetScrollProp
 0002:00002BF4       FlatSB_SetScrollRange
 0002:00002BDC       FlatSB_ShowScrollBar
 0001:000088D0       FloatToDecimal
 0001:00008C10       FloatToStr
 0001:000085FC       FloatToText
 0001:00001EF4       Flush
 0002:0000017C       FMSecsPerDay
 0001:000084F0       FmtStr
 0002:00000DB4       FocusCount
 0002:00000DB0       FocusMessages
 0002:00000668       FontCharsets
 0002:00002B6C       FontManager
 0002:000007A0       ForceCurrentDirectory
 0001:00064718       ForegroundTask
 0002:00000184       Format
 0001:000084DC       Format
 0001:000080CC       FormatBuf
 0001:000080C0       FormatClearStr
 0001:00008044       FormatError
 0002:00000160       FormatErrorStrs
 0001:000055E4       FormatMessage
 0001:0000809C       FormatVarToStr
 0001:0006EBD0       Forms
 0001:000021DC       FPower10
 0002:0000079C       FPrinter
 0001:0003C4A0       Frame3D
 0001:00005AC4       FrameRect
 0001:0000CAA0       FreeAndNil
 0001:00000B00       FreeCommitted
 0001:00001138       FreeCurAlloc
 0001:0004B9FC       FreeDeviceContext
 0001:0004BAB8       FreeDeviceContexts
 0001:0001B2F8       FreeIntConstList
 0001:00000260       FreeLibrary
 0001:000055EC       FreeLibrary
 0001:00033D60       FreeMemoryContexts
 0001:0001B42C       FreeObjectInstance
 0001:0000560C       FreeResource
 0001:000006D0       FreeSpace
 0001:0000C5A0       FreeTerminateProcs
 0001:000390C8       FreeThemeLibrary
 0002:00002D78       FRichEditModule
 0001:000327F8       GDICheck
 0001:00032750       GDIError
 0001:00001E7C       Get8087CW
 0001:00005614       GetACP
 0001:00005ACC       GetActiveWindow
 0001:0006BF90       GetAnimation
 0001:00005834       GetBitmapBits
 0001:0000038C       GetBlockDesc
 0001:0000583C       GetBrushOrgEx
 0001:00005AD4       GetCapture
 0001:0004A238       GetCaptureControl
 0001:00013170       GetClass
 0001:00005ADC       GetClassInfo
 0001:00005AE4       GetClassName
 0001:00005AEC       GetClientRect
 0001:00005844       GetClipBox
 0001:00000328       GetCmdShow
 0001:0005A644       GetColor
 0001:000417D4       GetComCtlVersion
 0001:00000268       GetCommandLine
 0001:00000914       GetCommitted
 0001:000009BC       GetCommittedAt
 0001:000511C0       GetControlAtPos
 0001:00009298       GetCount
 0001:0000561C       GetCPInfo
 0001:0000584C       GetCurrentPositionEx
 0001:00005624       GetCurrentProcessId
 0002:00002CB8       GetCurrentThemeName
 0001:0000562C       GetCurrentThreadId
 0001:00000318       GetCurrentThreadId
 0001:00005E90       GetCurrentTime
 0001:00005AF4       GetCursor
 0001:0006E3B4       GetCursorHeightMargin
 0001:00005AFC       GetCursorPos
 0001:000092C8       GetDate
 0001:00005634       GetDateFormat
 0001:00009F78       GetDateOrder
 0001:00005B04       GetDC
 0001:00005B0C       GetDCEx
 0001:00005854       GetDCOrgEx
 0001:000368B0       GetDefFontCharSet
 0001:000149FC       GetDesigner
 0001:00005B14       GetDesktopWindow
 0001:0000586C       GetDeviceCaps
 0001:00033760       GetDIB
 0001:0000585C       GetDIBColorTable
 0001:00005864       GetDIBits
 0001:000336A8       GetDIBSizes
 0001:00032968       GetDInColors
 0001:0000563C       GetDiskFreeSpaceA
 0002:00000130       GetDiskFreeSpaceEx
 0001:00005B1C       GetDlgItem
 0001:00057A3C       GetDockAlign
 0001:0004ABE0       GetDockSiteAtPos
 0001:0004AF0C       GetDropCtl
 0001:00002864       GetDynaMethod
 0001:000104A8       GetEnumNameValue
 0001:000104F4       GetEnumValue
 0001:0000A988       GetEraNamesAndYearOffsets
 0001:0000A00C       GetEraYearOffset
 0001:0000B2EC       GetExceptionClass
 0001:0000B4D8       GetExceptionObject
 0001:000130F8       GetFieldClassTable
 0001:00005644       GetFileAttributes
 0001:0000B748       GetFileVersion
 0001:000057A4       GetFileVersionInfo
 0001:000057AC       GetFileVersionInfoSize
 0001:00005B24       GetFocus
 0001:000312AC       GetFontData
 0001:00005B2C       GetForegroundWindow
 0001:0000C014       GetFormatSettings
 0001:0000564C       GetFullPathName
 0001:000307F4       GetHashCode
 0001:000694DC       GetHelpInfo
 0001:0003817C       GetHelpSystem
 0001:0006BD74       GetHint
 0001:0006BDAC       GetHintControl
 0001:0006243C       GetHotkey
 0001:00005B34       GetIconInfo
 0001:00005B4C       GetKeyboardLayout
 0001:00005B54       GetKeyboardLayoutList
 0001:00005B5C       GetKeyboardState
 0001:000024C8       GetKeyboardType
 0001:00005B3C       GetKeyNameText
 0001:00005B44       GetKeyState
 0001:00005B64       GetLastActivePopup
 0001:00055D04       GetLastChildZone
 0001:00005654       GetLastError
 0001:0000A74C       GetLocaleChar
 0001:00005664       GetLocaleInfo
 0001:00000270       GetLocaleInfo
 0001:0000A700       GetLocaleStr
 0001:0000565C       GetLocalTime
 0001:0004A1A0       GetLongHint
 0001:00005B6C       GetMenu
 0001:00069464       GetMenuHelpContext
 0001:00005B74       GetMenuItemCount
 0001:00005B7C       GetMenuItemID
 0001:00005B84       GetMenuItemInfo
 0001:0005F558       GetMenuSize
 0001:00005B8C       GetMenuState
 0001:00005B94       GetMenuString
 0001:00000278       GetModuleFileName
 0001:0000566C       GetModuleFileName
 0001:00005674       GetModuleHandle
 0001:000052C0       GetModuleHandle
 0001:00000280       GetModuleHandle
 0002:00002BA0       GetMonitorInfo
 0002:00002BA4       GetMonitorInfoA
 0002:00002BA8       GetMonitorInfoW
 0001:0000A7B0       GetMonthDayNames
 0001:00005B9C       GetNextWindow
 0001:00005874       GetObject
 0001:00039C40       GetOpenFileName
 0001:0001061C       GetOrdProp
 0001:0000587C       GetPaletteEntries
 0001:00001CA4       GetParamStr
 0001:00005BA4       GetParent
 0001:00064910       GetParentForm
 0001:00005884       GetPixel
 0001:00000288       GetProcAddress
 0001:0000567C       GetProcAddress
 0001:00005BAC       GetProp
 0001:00010558       GetPropInfo
 0001:000105C8       GetPropInfos
 0001:00064DD0       GetRealScrollPosition
 0001:0005A624       GetRGBColor
 0001:00039C48       GetSaveFileName
 0001:00005BB4       GetScrollInfo
 0001:00005BBC       GetScrollPos
 0001:00005BC4       GetScrollRange
 0001:0004A15C       GetShortHint
 0001:000005F4       GetSpace
 0001:00000658       GetSpaceAt
 0001:0005CFA4       GetSpecialName
 0001:00000290       GetStartupInfo
 0001:00000210       GetStdHandle
 0001:00005684       GetStdHandle
 0001:0000588C       GetStockObject
 0001:0000568C       GetStringTypeEx
 0001:00005BCC       GetSubMenu
 0001:00005BD4       GetSysColor
 0001:00005BDC       GetSysColorBrush
 0001:00005694       GetSystemInfo
 0001:00005BE4       GetSystemMenu
 0001:00005BEC       GetSystemMetrics
 0002:00002B90       GetSystemMetrics
 0001:00005894       GetSystemPaletteEntries
 0001:0000589C       GetTextExtentPoint32
 0001:000058A4       GetTextMetrics
 0002:00002CB0       GetThemeAppProperties
 0002:00002C1C       GetThemeBackgroundContentRect
 0002:00002C20       GetThemeBackgroundExtent
 0002:00002C30       GetThemeBackgroundRegion
 0002:00002C54       GetThemeBool
 0002:00002C48       GetThemeColor
 0002:00002CBC       GetThemeDocumentationProperty
 0002:00002C5C       GetThemeEnumValue
 0002:00002C7C       GetThemeFilename
 0002:00002C64       GetThemeFont
 0002:00002C58       GetThemeInt
 0002:00002C70       GetThemeIntList
 0002:00002C6C       GetThemeMargins
 0002:00002C4C       GetThemeMetric
 0002:00002C24       GetThemePartSize
 0002:00002C60       GetThemePosition
 0002:00002C74       GetThemePropertyOrigin
 0002:00002C68       GetThemeRect
 0002:00002C50       GetThemeString
 0002:00002C88       GetThemeSysBool
 0002:00002C80       GetThemeSysColor
 0002:00002C84       GetThemeSysColorBrush
 0002:00002C90       GetThemeSysFont
 0002:00002C98       GetThemeSysInt
 0002:00002C8C       GetThemeSysSize
 0002:00002C94       GetThemeSysString
 0002:00002C28       GetThemeTextExtent
 0002:00002C2C       GetThemeTextMetrics
 0001:00000298       GetThreadLocale
 0001:0000569C       GetThreadLocale
 0001:000056A4       GetTickCount
 0001:00009300       GetTime
 0001:000052EC       GetTlsSize
 0001:0006C554       GetTopMostWindows
 0001:0004A340       GetTopParent
 0001:00005BF4       GetTopWindow
 0001:0001049C       GetTypeData
 0001:00000320       GetVersion
 0001:000056AC       GetVersion
 0001:000056B4       GetVersionEx
 0001:00005BFC       GetWindow
 0001:00005C04       GetWindowDC
 0001:00005C0C       GetWindowLong
 0001:000058AC       GetWindowOrgEx
 0001:00005C14       GetWindowPlacement
 0001:00005C1C       GetWindowRect
 0001:00005C24       GetWindowText
 0002:00002CA4       GetWindowTheme
 0001:00005C2C       GetWindowThreadProcessId
 0001:00005C34       GetWindowThreadProcessId
 0001:000056BC       GlobalAddAtom
 0001:000056C4       GlobalAlloc
 0001:00005E9C       GlobalAllocPtr
 0001:000056CC       GlobalDeleteAtom
 0001:000056D4       GlobalFindAtom
 0002:00002864       GlobalFixupList
 0001:00017380       GlobalFixupReferences
 0001:000056DC       GlobalFree
 0001:00005EC8       GlobalFreePtr
 0001:000056EC       GlobalHandle
 0001:000056E4       GlobalLock
 0002:00002848       GlobalNameSpace
 0001:000056F4       GlobalReAlloc
 0001:00005EAC       GlobalReAllocPtr
 0001:000056FC       GlobalUnlock
 0002:00000A2C       GlyphCache
 0001:00036D7C       Graphics
 0002:00000A78       GripStyles
 0001:000132EC       GroupDescendentsWith
 0001:00079D28       guiclient
 0001:000696E4       HandleEdge
 0001:000187E4       HandleException
 0002:00000024       HeapAllocFlags
 0002:000025C4       heapErrorCode
 0002:000025C8       heapLock
 0001:00038D24       HelpIntfs
 0002:00002BCC       HelpManager
 0002:00002D00       HelpMsg
 0002:00002D9C       HelpViewer
 0002:00002DA0       HelpViewerIntf
 0002:0000012C       HexDisplayPrefix
 0002:00000B14       HideSelections
 0001:00057AB8       HideZone
 0002:00002664       HInstance
 0002:00002E58       HintDoneEvent
 0001:0006BE7C       HintGetMsgHook
 0002:00002E5C       HintHook
 0001:0006BE20       HintMouseThread
 0002:00002E60       HintThread
 0002:00002E54       HintThreadID
 0001:0006BDCC       HintTimerProc
 0002:00000DA8       HintWindowClass
 0002:00002C34       HitTestThemeBackground
 0001:0006BEC0       HookHintHooks
 0001:00078F08       HTTPDecode
 0001:00005FD4       HwndMSWheel
 0002:00000D3C       IBreaks
 0002:00000D48       IChecks
 0002:00000D50       IDefaults
 0001:0003129C       IdentToCharset
 0001:00031094       IdentToColor
 0001:0004A14C       IdentToCursor
 0001:000134D4       IdentToInt
 0002:00000D58       IEnables
 0001:000602FC       IfHotkeyAvailable
 0002:00002E30       ImageListWriteExProc
 0001:00037490       ImageList_Add
 0001:000374B0       ImageList_AddIcon
 0001:000374DC       ImageList_BeginDrag
 0001:00037478       ImageList_Create
 0001:00037480       ImageList_Destroy
 0001:000374EC       ImageList_DragEnter
 0001:000374F4       ImageList_DragLeave
 0001:000374FC       ImageList_DragMove
 0001:0003750C       ImageList_DragShowNolock
 0001:000374BC       ImageList_Draw
 0001:000374CC       ImageList_DrawEx
 0001:000374E4       ImageList_EndDrag
 0001:000374A8       ImageList_GetBkColor
 0001:00037514       ImageList_GetDragImage
 0001:0003752C       ImageList_GetIconSize
 0001:00037488       ImageList_GetImageCount
 0001:0003751C       ImageList_Read
 0001:000374D4       ImageList_Remove
 0001:000374C4       ImageList_Replace
 0001:00037498       ImageList_ReplaceIcon
 0001:000374A0       ImageList_SetBkColor
 0001:00037504       ImageList_SetDragCursorImage
 0001:00037534       ImageList_SetIconSize
 0001:00037524       ImageList_Write
 0002:00000CAC       Images
 0001:0005BFDC       ImgList
 0001:00037D2C       Imm
 0002:00000C90       IMM32DLL
 0001:000586A8       Imm32IsIME
 0002:00000180       IMSecsPerDay
 0001:0000E69C       InBounds
 0001:0000E3FC       InBounds
 0001:0000BBE4       IncludeTrailingPathDelimiter
 0001:0000E6CC       Increment
 0001:0000E42C       Increment
 0001:00005C3C       InflateRect
 0001:0004044C       IniFiles
 0001:00000B94       InitAllocator
 0001:00037574       InitAnApi
 0002:00002BB8       InitApis
 0001:000373E4       InitComCtl
 0001:000417A8       InitCommonControl
 0001:000373DC       InitCommonControls
 0001:00037444       InitCommonControlsEx
 0001:0001377C       InitComponent
 0002:00002634       InitContext
 0001:00058744       InitControls
 0001:000368F4       InitDefFontData
 0001:0000C5CC       InitDriveSpacePtr
 0001:0000B5B4       InitExceptions
 0001:00038E04       InitFlatSB
 0001:0003B268       InitGlobals
 0001:00033560       InitializeBitmapInfoHeader
 0001:0000036C       InitializeCriticalSection
 0001:00005704       InitializeCriticalSection
 0002:000025C0       initialized
 0001:00038DDC       InitializeFlatSB
 0001:00005378       InitializeModule
 0001:0000D5A8       InitializeVarUtils
 0001:00058348       InitIMM32
 0001:00013824       InitInheritedComponent
 0001:0000BE24       InitLeadBytes
 0001:00037C50       InitMultiMonStubs
 0001:0000B6B8       InitPlatformId
 0002:00002040       InitProc
 0001:0006EAE8       InitProcs
 0001:00036878       InitScreenLogPixels
 0001:0000BE9C       InitSysLocale
 0001:00039288       InitThemeLibrary
 0001:0001A0F0       InitThreadSynchronization
 0001:000052F4       InitThreadTLS
 0001:000030D0       InitUnits
 0001:00049E30       InitWndProc
 0002:00000C30       InnerStyles
 0002:0000204C       Input
 0001:0006B8A4       InsertBefore
 0001:0004F9FC       InsertBefore
 0001:00001040       InsertFree
 0001:000603B0       InsertHotkeyFarEastFormat
 0001:00005C44       InsertMenu
 0001:00005C4C       InsertMenuItem
 0002:00002880       InstBlockList
 0002:00002884       InstFreeList
 0002:00002858       IntConstList
 0001:0000C634       InterlockedDecrement
 0001:000055F4       InterlockedDecrement
 0001:00000310       InterlockedDecrement
 0001:000055FC       InterlockedExchange
 0001:0000C640       InterlockedExchange
 0001:0000C648       InterlockedExchangeAdd
 0001:00000308       InterlockedIncrement
 0001:00005604       InterlockedIncrement
 0001:0000C628       InterlockedIncrement
 0001:00030780       InternalDeletePalette
 0001:00001EAC       InternalFlush
 0001:00000E80       InternalFreeMem
 0001:000336B0       InternalGetDIB
 0001:00033644       InternalGetDIBSizes
 0001:00013614       InternalReadComponentRes
 0002:00002D84       InternalServices
 0001:000038FC       InternalUniqueString
 0001:000058B4       IntersectClipRect
 0001:00005C54       IntersectRect
 0001:00007738       IntToHex
 0001:00013514       IntToIdent
 0001:00007624       IntToStr
 0001:00007710       IntToStr
 0001:00005C5C       InvalidateRect
 0001:000326E4       InvalidBitmap
 0001:000326CC       InvalidGraphic
 0001:000326F0       InvalidIcon
 0001:000326B4       InvalidOperation
 0001:00012680       InvalidPoint
 0002:00002794       InvalidPointer
 0001:00002710       InvokeImplGetter
 0001:00001C44       IOResult
 0002:00000D78       IOwnerDraw
 0002:00000D60       IRadios
 0002:00000D70       IRTL
 0001:000648A0       IsAccel
 0001:00061590       IsAccelChar
 0002:00002CA0       IsAppThemed
 0001:0004A998       IsBeforeTargetWindow
 0001:00005C64       IsChild
 0002:00002048       IsConsole
 0001:0000BBA0       IsDelimiter
 0001:0004ADF4       IsDelphiHandle
 0001:00005C6C       IsDialogMessage
 0002:00000D68       ISeparators
 0001:00005C74       IsIconic
 0001:000615EC       IsInitialChar
 0001:00008E50       IsLeapYear
 0002:00002034       IsLibrary
 0002:00002049       IsMultiThread
 0001:00055768       IsOrientationSet
 0001:0000BB6C       IsPathDelimiter
 0001:00005C7C       IsRectEmpty
 0001:00040548       IsRelative
 0001:0004AB9C       IsSiteChildOfClient
 0002:00002C9C       IsThemeActive
 0002:00002C44       IsThemeBackgroundPartiallyTransparent
 0002:00002CAC       IsThemeDialogTextureEnabled
 0002:00002C40       IsThemePartDefined
 0001:000135F0       IsUniqueGlobalComponentName
 0002:0000284C       IsUniqueGlobalComponentNameProc
 0001:00007574       IsValidIdent
 0001:0000BE84       IsWesternGroup
 0001:00005C84       IsWindow
 0001:00005C8C       IsWindowEnabled
 0001:00005C94       IsWindowVisible
 0001:00005C9C       IsZoomed
 0001:0005D370       Iterate
 0001:0005D3D0       IterateMenus
 0002:0000002C       JITEnable
 0001:00064854       KeyboardStateToShiftState
 0001:00064818       KeyDataToShiftState
 0001:000647C4       KeysToShiftState
 0001:00005CA4       KillTimer
 0001:00007BFC       LastDelimiter
 0001:00005124       LCIDToCodePage
 0001:0000BDB0       LCIDToCodePage
 0002:0000010C       LeadBytes
 0001:0000570C       LeaveCriticalSection
 0001:0000037C       LeaveCriticalSection
 0002:00000490       LibHandle
 0002:00000034       LibModuleList
 0001:000058BC       LineTo
 0001:00040A6C       ListActns
 0001:0004B984       ListAdd
 0001:0004B9AC       ListRemove
 0002:0000274A       ListSeparator
 0001:00005CAC       LoadBitmap
 0001:00005CB4       LoadCursor
 0001:00005CBC       LoadIcon
 0001:00005CC4       LoadKeyboardLayout
 0001:00005714       LoadLibrary
 0001:000002A0       LoadLibraryEx
 0001:0000571C       LoadResource
 0001:000047DC       LoadResourceModule
 0001:000050CC       LoadResString
 0001:00005CCC       LoadString
 0001:000002A8       LoadString
 0001:0000034C       LocalAlloc
 0001:000052C8       LocalAlloc
 0001:00000354       LocalFree
 0001:0000A774       LocalGetLocaleStr
 0002:00002CD4       Lock
 0001:00005724       LockResource
 0002:0000268C       LongDateFormat
 0002:00002720       LongDayNames
 0002:000026D4       LongMonthNames
 0002:000026A0       LongTimeFormat
 0002:00000ED0       looping
 0001:00007188       LowerCase
 0001:0000579C       lstrcpy
 0001:000002B0       lstrcpyn
 0002:00002820       LVarTypes
 0002:00002824       LVarTypeSync
 0001:000787D0       main
 0002:00002E74       MainForm
 0002:0000202C       MainInstance
 0002:00002030       MainThreadID
 0001:00000410       MakeEmpty
 0001:000031F0       MakeErrorMessage
 0002:00000C7C       MakeLast
 0001:00005E84       MakeLong
 0001:0001B394       MakeObjectInstance
 0001:00005EDC       MakeROP4
 0001:00005F14       MakeWParam
 0001:0000B26C       MapException
 0001:000409DC       Mapi
 0002:00000A58       MAPIDLL
 0002:00000A5C       MAPIModule
 0001:00002ED8       MapToRunError
 0001:00005CD4       MapVirtualKey
 0001:00005CDC       MapWindowPoints
 0002:00000CB4       Mask
 0001:000058C4       MaskBlt
 0001:0001B6D8       Math
 0001:0001B678       Max
 0001:00067170       MaximizedChildren
 0002:0000003C       MemoryManager
 0002:00000CD0       MenuKeyCaps
 0001:0006260C       Menus
 0001:000004A8       MergeBlockAfter
 0001:00001184       MergeCommit
 0001:00005CE4       MessageBox
 0001:00000248       MessageBox
 0001:0000D0F0       Messages
 0001:0001B670       Min
 0001:00014608       Min
 0001:0004F230       MinVar
 0002:00002BC0       MMAvailable
 0002:00000C94       ModeMap
 0001:00068E70       ModifySystemMenu
 0002:000000A4       Module
 0002:00002661       ModuleIsCpp
 0002:00002660       ModuleIsLib
 0001:0001B364       ModuleUnload
 0002:00000038       ModuleUnloadList
 0002:00002B9C       MonitorFromPoint
 0002:00002B98       MonitorFromRect
 0002:00002B94       MonitorFromWindow
 0002:000000DC       MonthDays
 0002:00002DA4       Mouse
 0001:00001C64       Move
 0001:000058CC       MoveToEx
 0001:0004B9CC       MoveWindowOrg
 0001:0000572C       MulDiv
 0001:000002C0       MultiByteToWideChar
 0002:00000EC4       MultiCaster
 0001:0006E574       MultiLineWidth
 0001:00037CEC       MultiMon
 0002:00002681       NegCurrFormat
 0001:00001210       NewCommit
 0001:0000123C       NewCommitAt
 0002:00000A44       NewState
 0002:00002DA8       NewStyleControls
 0001:0000BB30       NextCharIndex
 0001:0005574C       NextVisibleZone
 0002:000003E0       NilMethod
 0002:00000030       NoErrMsg
 0001:0005E184       NormalDraw
 0001:00002A90       NotifyAnyExcept
 0001:00014A94       NotifyDesigner
 0001:00002A64       NotifyExcept
 0001:00002AC4       NotifyExceptFinally
 0001:000136F0       NotifyGlobalLoading
 0001:00004B18       NotifyModuleUnload
 0001:00002A40       NotifyNonDelphiException
 0001:00002A7C       NotifyOnExcept
 0001:00002A24       NotifyReRaise
 0001:00002AEC       NotifyTerminate
 0001:00002B08       NotifyUnhandled
 0001:00060F3C       NthParentOf
 0001:0001020C       Null
 0002:0000031C       NullAsStringValue
 0002:00000318       NullStrictConvert
 0001:00049EE8       ObjectFromHWnd
 0002:00000B1C       OEMConverts
 0001:00005CEC       OemToAnsi
 0001:00005CF4       OffsetRect
 0002:000007AC       OpenOptions
 0002:00000804       OpenOptionsEx
 0002:00002C0C       OpenThemeData
 0002:00000C74       OrientArray
 0002:00000C40       OuterStyles
 0002:00002790       OutOfMemory
 0001:000326FC       OutOfResources
 0001:000792E4       OutPut
 0002:00002218       Output
 0001:00079310       OutputUTF8
 0002:00000320       PackVarCreation
 0002:0000075C       Pal16
 0001:00030B88       PaletteChanged
 0001:00032EF4       PaletteFromDIBColorTable
 0001:00032F98       PaletteToDIBColorTable
 0002:00000758       PalSize
 0001:00001E08       ParamStr
 0001:00055B30       ParentNotLast
 0001:00079070       ParseFileUrl
 0002:00000AF8       Passwords
 0001:000058D4       PatBlt
 0002:00002B7C       PatternManager
 0001:00005CFC       PeekMessage
 0002:00002B70       PenManager
 0002:00000728       PenModes
 0002:00000708       PenStyles
 0001:0004A1E4       PerformEraseBackground
 0001:0000541C       Point
 0001:00012608       Point
 0001:00012A40       PointerInModule
 0001:00050BE0       PointsEqual
 0001:00005EFC       PointToSmallPoint
 0001:000058DC       Polyline
 0002:00002E34       PopupList
 0001:00005D04       PostMessage
 0001:00005D0C       PostQuitMessage
 0001:00038DA0       Printers
 0001:0006A584       ProcessExecute
 0001:00064AD0       ProcessHorz
 0001:0006A684       ProcessUpdate
 0001:00064B3C       ProcessVert
 0001:0001767C       PropertyNotFound
 0001:000188E4       PropPathError
 0002:00000DD8       Props
 0001:00017670       PropValueError
 0001:00005D14       PtInRect
 0002:000000A0       PtrToNil
 0001:000085B8       PutExponent
 0002:00002DEC       QualifyingSites
 0001:00013D1C       QuickSort
 0001:0000B228       RaiseAssertException
 0001:00000218       RaiseException
 0001:00016678       RaiseException
 0002:00002014       RaiseExceptionProc
 0001:0000C4C8       RaiseLastOSError
 0001:000568A0       ReadControlName
 0001:00019B24       ReadCustomVariant
 0001:00017658       ReadError
 0001:0004051C       ReadError
 0001:00005734       ReadFile
 0001:0003324C       ReadIcon
 0002:00000B00       ReadOnlys
 0001:000058E4       RealizePalette
 0001:00017E98       Recover
 0001:00012630       Rect
 0001:00005400       Rect
 0001:000058F4       Rectangle
[...]
  1095 0001:00072434  1096 0001:0007243B  1097 0001:00072448  1101 0001:0007244C
  1102 0001:00072456  1103 0001:00072467  1108 0001:00072470  1109 0001:0007247A
  1110 0001:00072491  1114 0001:00072498  1115 0001:0007249F  1116 0001:000724AC
  1119 0001:000724B0  1120 0001:000724B3  1121 0001:000724BE  1125 0001:000724C0
  1126 0001:000724C7  1127 0001:000724DA  1132 0001:000724E0  1133 0001:000724EA
  1134 0001:000724FF  1139 0001:00072508  1140 0001:0007251D  1141 0001:00072526
  1142 0001:00072547  1148 0001:0007254C  1149 0001:00072556  1151 0001:00072577
  1156 0001:00072580  1157 0001:00072595  1158 0001:0007259E  1159 0001:000725BF
  1163 0001:000725C4  1164 0001:000725CB  1165 0001:000725D8  1169 0001:000725DC
  1170 0001:000725E3  1171 0001:000725F0  1175 0001:000725F4  1176 0001:000725FE
  1177 0001:00072617  1181 0001:00072620  1182 0001:00072627  1183 0001:00072634
  1188 0001:00072638  1189 0001:00072646  1190 0001:0007265E  1195 0001:00072668
  1196 0001:00072672  1197 0001:00072693  1201 0001:0007269C  1202 0001:000726A3
  1203 0001:000726B0  1207 0001:000726B4  1208 0001:000726BB  1209 0001:000726C8
  1213 0001:000726CC  1214 0001:000726D5  1215 0001:000726EE  1220 0001:000726F4
  1221 0001:00072702  1222 0001:0007271E  1226 0001:00072728  1227 0001:00072732
  1228 0001:00072741  1233 0001:00072748  1234 0001:0007275D  1235 0001:00072766
  1236 0001:00072787  1240 0001:0007278C  1241 0001:0007279A  1242 0001:000727AE
  1247 0001:000727B8  1248 0001:000727C6  1249 0001:000727DA  1254 0001:000727E4
  1255 0001:000727F0  1256 0001:000727F7  1257 0001:000727FC  1258 0001:00072801
  1259 0001:00072806  1260 0001:0007280B  1261 0001:00072810  1262 0001:00072815
  1263 0001:0007281A  1264 0001:0007281F  1265 0001:00072824  1266 0001:00072829
  1267 0001:0007282E  1268 0001:00072833  1269 0001:00072838  1270 0001:0007283D
  1271 0001:00072842  1272 0001:00072847  1273 0001:0007284C  1274 0001:00072851
  1275 0001:00072856  1276 0001:0007286E  1281 0001:00072870  1282 0001:00072885
  1283 0001:0007288E  1284 0001:000728AF  1289 0001:000728B4  1290 0001:000728C2
  1292 0001:000728E2  1294 0001:0007291C  1294 0001:00072923

Line numbers for cefvcl(cefvcl.pas) segment .text

   312 0001:00073A40   782 0001:00074E3C   783 0001:00074E3F   784 0001:00074E48
   786 0001:00074E51   787 0001:00074E58   788 0001:00074E66   790 0001:00074E78
   793 0001:00074E87   797 0001:00074E8C   798 0001:00074EA1   800 0001:00074EAE
   801 0001:00074EB7   802 0001:00074ECC   804 0001:00074EED   807 0001:00074EF4
   809 0001:00074EFF   810 0001:00074F09   811 0001:00074F12   813 0001:00074F1F
   814 0001:00074F36   825 0001:00074F3C   826 0001:00074F61   827 0001:00074F6A
   829 0001:00074F7A   830 0001:00074F80   832 0001:00074F9B   833 0001:00074FAD
   835 0001:00074FBF   836 0001:00074FCA   837 0001:00074FD2   838 0001:00075011
   845 0001:00075034   846 0001:00075056   848 0001:00075060   849 0001:0007506F
   850 0001:00075079   851 0001:00075080   852 0001:0007508A   853 0001:00075090
   854 0001:00075096   855 0001:0007509E   856 0001:000750A6   857 0001:000750B8
   858 0001:000750C2   862 0001:000750CF   863 0001:00075100   866 0001:00075131
   869 0001:00075138   870 0001:0007513B   871 0001:00075142   872 0001:0007514C
   876 0001:00075150   877 0001:0007516E   878 0001:00075177   880 0001:00075182
   881 0001:0007518B   882 0001:000751A6   883 0001:000751B1   884 0001:000751BC
   885 0001:000751C7   886 0001:000751D2   887 0001:00075206   890 0001:0007521C
   891 0001:00075222   892 0001:0007524C   895 0001:00075250   896 0001:00075259
   897 0001:00075275   899 0001:00075281   900 0001:000752A5   901 0001:000752C9
   902 0001:000752ED   903 0001:00075311   904 0001:00075335   905 0001:00075359
   906 0001:00075365   907 0001:00075371   908 0001:0007537D   909 0001:00075389
   910 0001:00075395   912 0001:000753B6   913 0001:000753C2   914 0001:000753CE
   915 0001:000753DA   916 0001:000753E6   917 0001:000753F5   918 0001:00075404
   919 0001:00075413   920 0001:00075422   921 0001:00075431   922 0001:00075440
   923 0001:0007544F   924 0001:0007545E   925 0001:0007546D   926 0001:0007547C
   927 0001:0007548B   928 0001:0007549A   929 0001:000754A9   930 0001:000754B8
   931 0001:000754C7   932 0001:000754D6   933 0001:00075503   938 0001:00075570
   939 0001:00075589   940 0001:00075590   942 0001:00075599   943 0001:000755A7
   944 0001:000755AD   946 0001:000755D4   949 0001:000755DC   950 0001:000755DF
   951 0001:000755E6   952 0001:000755F3   971 0001:000755F8   972 0001:0007561B
   973 0001:00075622   975 0001:0007562C   976 0001:0007563A   978 0001:0007565C
   979 0001:00075666   980 0001:00075670   981 0001:0007567E   985 0001:000756C3
   989 0001:00075704  1013 0001:0007570C  1014 0001:00075727  1017 0001:00075748
  1018 0001:0007576B  1019 0001:0007578F  1022 0001:0007579A  1023 0001:000757A9
  1025 0001:000757B4  1026 0001:000757CD  1027 0001:000757D6  1029 0001:000757E1
  1031 0001:000757EA  1033 0001:0007581B  1036 0001:00075824  1037 0001:00075826
  1038 0001:0007582A  1039 0001:00075834  1040 0001:0007584A  1044 0001:00075850
  1045 0001:00075854  1046 0001:0007585E  1047 0001:00075875  1050 0001:0007587C
  1051 0001:0007587D  1052 0001:00075887  1053 0001:00075899  1058 0001:0007589C
  1059 0001:000758A1  1060 0001:000758A5  1061 0001:000758AF  1062 0001:000758D1
  1065 0001:000758D8  1066 0001:000758D9  1067 0001:000758E3  1068 0001:000758F5
  1073 0001:000758F8  1074 0001:000758FC  1075 0001:00075906  1076 0001:00075921
  1081 0001:00075928  1082 0001:0007592C  1083 0001:00075936  1084 0001:00075951
  1092 0001:00075958  1093 0001:0007595D  1094 0001:00075961  1095 0001:0007596B
  1098 0001:000759A9  1103 0001:000759B0  1104 0001:000759B5  1105 0001:000759BC
  1106 0001:000759C6  1107 0001:000759E8  1112 0001:000759F0  1113 0001:000759F5
  1114 0001:000759F9  1115 0001:00075A03  1116 0001:00075A25  1120 0001:00075A2C
  1121 0001:00075A30  1122 0001:00075A3A  1123 0001:00075A51  1128 0001:00075A58
  1129 0001:00075A5D  1130 0001:00075A61  1131 0001:00075A6B  1132 0001:00075A91
  1136 0001:00075A98  1137 0001:00075A9D  1138 0001:00075AA1  1139 0001:00075AAB
  1140 0001:00075ACD  1145 0001:00075AD4  1146 0001:00075AD9  1147 0001:00075ADD
  1148 0001:00075AE7  1149 0001:00075B0E  1153 0001:00075B14  1154 0001:00075B15
  1155 0001:00075B1F  1156 0001:00075B32  1161 0001:00075B34  1163 0001:00075B37
  1166 0001:00075B3C  1167 0001:00075B3D  1168 0001:00075B47  1169 0001:00075B59
  1174 0001:00075B5C  1175 0001:00075B60  1176 0001:00075B6A  1177 0001:00075B81
  1181 0001:00075B88  1182 0001:00075B8D  1183 0001:00075B91  1184 0001:00075B9B
  1185 0001:00075BB9  1190 0001:00075BC0  1191 0001:00075BC4  1192 0001:00075BCE
  1193 0001:00075BE5  1197 0001:00075BEC  1198 0001:00075BED  1199 0001:00075BF7
  1200 0001:00075C0A  1206 0001:00075C0C  1207 0001:00075C11  1208 0001:00075C15
  1209 0001:00075C1F  1211 0001:00075C4D  1216 0001:00075C54  1217 0001:00075C58
  1218 0001:00075C62  1220 0001:00075C85  1224 0001:00075C8C  1225 0001:00075C8D
  1226 0001:00075C97  1227 0001:00075CAA  1232 0001:00075CAC  1233 0001:00075CB1
  1234 0001:00075CB5  1235 0001:00075CBF  1237 0001:00075CF1  1241 0001:00075CF8
  1242 0001:00075D09  1243 0001:00075D13  1244 0001:00075D35  1245 0001:00075D3C
  1250 0001:00075D44  1251 0001:00075D46  1256 0001:00075D48  1257 0001:00075D4A
  1261 0001:00075D4C  1262 0001:00075D4F  1263 0001:00075D51  1268 0001:00075D58
  1269 0001:00075D5A  1272 0001:00075D5C  1273 0001:00075D5D  1274 0001:00075D67
  1275 0001:00075D79  1281 0001:00075D7C  1282 0001:00075D9F  1283 0001:00075DA3
  1284 0001:00075DAD  1286 0001:00075DFA  1290 0001:00075E04  1291 0001:00075E09
  1292 0001:00075E0D  1293 0001:00075E17  1294 0001:00075E35  1298 0001:00075E3C
  1299 0001:00075E40  1300 0001:00075E4A  1301 0001:00075E61  1306 0001:00075E68
  1307 0001:00075E6C  1308 0001:00075E76  1309 0001:00075E95  1313 0001:00075E9C
  1314 0001:00075EA0  1315 0001:00075EAA  1316 0001:00075EC5  1320 0001:00075ECC
  1321 0001:00075ECD  1322 0001:00075ED7  1323 0001:00075EEA  1328 0001:00075EEC
  1329 0001:00075EF1  1330 0001:00075EFB  1332 0001:00075F21  1337 0001:00075F28
  1339 0001:00075F2B  1343 0001:00075F30  1344 0001:00075F31  1345 0001:00075F3B
  1346 0001:00075F4E  1352 0001:00075F50  1358 0001:00075F54  1363 0001:00075F58
  1364 0001:00075F5D  1365 0001:00075F61  1366 0001:00075F6B  1367 0001:00075F8D
  1371 0001:00075F94  1372 0001:00075F99  1373 0001:00075F9D  1374 0001:00075FA7
  1375 0001:00075FC5  1379 0001:00075FCC  1380 0001:00075FD0  1381 0001:00075FDA
  1382 0001:00075FF1  1387 0001:00075FF8  1388 0001:00075FFD  1389 0001:00076001
  1390 0001:0007600B  1391 0001:0007602F  1395 0001:00076038  1396 0001:00076039
  1397 0001:00076043  1398 0001:00076056  1401 0001:00076058  1402 0001:00076059
  1403 0001:00076063  1404 0001:00076075  1409 0001:00076078  1410 0001:0007607D
  1411 0001:00076081  1412 0001:0007608B  1413 0001:000760AD  1416 0001:000760B4
  1417 0001:000760B5  1418 0001:000760BF  1419 0001:000760D1  1423 0001:000760D4
  1424 0001:000760D8  1425 0001:000760E2  1426 0001:000760FD  1431 0001:00076104
  1432 0001:00076109  1433 0001:0007610D  1434 0001:00076117  1435 0001:00076139
  1438 0001:00076140  1440 0001:00076143  1444 0001:00076148  1445 0001:0007614A
  1446 0001:0007614E  1447 0001:00076158  1448 0001:00076173  1453 0001:00076178
  1454 0001:0007617B  1455 0001:0007617D  1459 0001:00076184  1460 0001:00076185
  1461 0001:0007618F  1462 0001:000761A2  1466 0001:000761A4  1467 0001:000761A5
  1468 0001:000761AF  1469 0001:000761C2  1473 0001:000761C4  1474 0001:000761C5
  1475 0001:000761CF  1476 0001:000761E2  1480 0001:000761E4  1481 0001:000761E6
  1482 0001:000761EA  1483 0001:000761F4  1484 0001:0007620F  1490 0001:00076214
  1493 0001:00076218  1494 0001:0007621A  1495 0001:0007621E  1496 0001:00076228
  1497 0001:0007623E  2131 0001:00076244  2132 0001:0007625D  2134 0001:00076261
  2135 0001:00076278  2137 0001:000762A7  2144 0001:000762AC  2145 0001:000762B6
  2146 0001:000762BD  2147 0001:000762CE  2149 0001:000762D2  2150 0001:000762DC
  2151 0001:000762E6  2152 0001:000762F4  2156 0001:00076326  2158 0001:00076337
  2166 0001:00076340  2167 0001:0007636E  2169 0001:00076376  2171 0001:00076385
  2172 0001:0007638F  2173 0001:00076396  2174 0001:000763A0  2175 0001:000763A6
  2176 0001:000763AC  2177 0001:000763B4  2178 0001:000763BC  2180 0001:000763E7
  2181 0001:000763F9  2183 0001:00076403  2184 0001:00076481  2189 0001:000764B0
  2190 0001:000764B6  2193 0001:000764D7  2194 0001:000764E6  2195 0001:000764EA
  2196 0001:000764F8  2200 0001:00076504  2201 0001:00076513  2202 0001:0007651D
  2205 0001:00076529  2206 0001:00076542  2207 0001:0007654B  2209 0001:00076557
  2211 0001:00076561  2213 0001:0007656A  2215 0001:000765A0  2215 0001:000765A7

Line numbers for main(main.pas) segment .text

   162 0001:00076F24   163 0001:00076F27   165 0001:00076F33   166 0001:00076F40
   167 0001:00076F4D   170 0001:00076F68   171 0001:00076F7F   172 0001:00076F8C
   174 0001:00076F99   178 0001:00076F9C   179 0001:00076FAC   182 0001:00076FFC
   183 0001:00077012   184 0001:00077021   193 0001:00077066   196 0001:00077244
   197 0001:0007725A   198 0001:00077269   200 0001:000772AE   203 0001:0007731C
   204 0001:00077332   205 0001:00077341   206 0001:0007737F   211 0001:000773A0
   212 0001:000773BC   213 0001:000773C6   214 0001:000773F8   215 0001:0007742A
   216 0001:00077444   217 0001:0007749F   220 0001:00077568   221 0001:0007757E
   222 0001:000775BC   227 0001:000775C0   228 0001:000775DC   229 0001:000775E6
   230 0001:00077618   231 0001:0007764A   232 0001:00077664   233 0001:000776BF
   236 0001:00077784   237 0001:0007779A   238 0001:000777D8   241 0001:000777DC
   242 0001:000777F6   243 0001:00077805   244 0001:0007786C   248 0001:00077874
   249 0001:00077884   252 0001:00077920   253 0001:00077936   254 0001:00077945
   255 0001:0007798A   259 0001:00077990   260 0001:000779A6   264 0001:000779A8
   265 0001:000779B7   266 0001:000779C8   269 0001:000779CC   270 0001:000779CF
   271 0001:000779DE   272 0001:000779FE   273 0001:00077A0B   277 0001:00077A10
   278 0001:00077A1F   279 0001:00077A30   282 0001:00077A34   283 0001:00077A37
   284 0001:00077A46   285 0001:00077A66   286 0001:00077A73   289 0001:00077A78
   290 0001:00077A8E   291 0001:00077AC7   295 0001:00077ACC   296 0001:00077ADB
   297 0001:00077AE4   298 0001:00077AF7   299 0001:00077B08   302 0001:00077B0C
   303 0001:00077B12   304 0001:00077B1B   305 0001:00077B29   306 0001:00077B35
   307 0001:00077B4C   310 0001:00077B68   311 0001:00077B71   312 0001:00077B9F
   315 0001:00077BA4   316 0001:00077BBC   317 0001:00077BCB   318 0001:00077C38
   321 0001:00077C44   322 0001:00077C5C   323 0001:00077C6B   324 0001:00077CD8
   327 0001:00077CE4   328 0001:00077CFA   329 0001:00077D09   330 0001:00077D46
   334 0001:00077D4C   335 0001:00077D65   336 0001:00077D75   337 0001:00077DAB
   342 0001:00077DB4   343 0001:00077DB8   344 0001:00077DCA   349 0001:00077DF4
   350 0001:00077E0C   351 0001:00077E6E   359 0001:00077E78   361 0001:00077E7B
   362 0001:00077E89   363 0001:00077E8F   371 0001:00077E94   373 0001:00077EC2
   374 0001:00077EDB   376 0001:00077EEA   377 0001:00077EF7   379 0001:00077F3C
   385 0001:00077F78   387 0001:00077F90   388 0001:00077FBE   389 0001:00077FC8
   390 0001:00077FFB   398 0001:00078004   399 0001:00078015   400 0001:00078018
   402 0001:00078021   403 0001:0007802B   404 0001:00078035   405 0001:00078042
   406 0001:0007804F   407 0001:0007805C   408 0001:00078073   409 0001:0007807F
   410 0001:00078099   412 0001:0007809C   417 0001:000780A8   418 0001:000780C2
   419 0001:000780CD   420 0001:000780F9   421 0001:00078123   425 0001:00078138
   426 0001:00078141   427 0001:00078151   428 0001:00078158   432 0001:00078160
   433 0001:00078169   435 0001:00078179   436 0001:00078180   438 0001:0007818B
   443 0001:00078194   444 0001:000781B4   446 0001:000781CD   447 0001:000781FD
   449 0001:00078205   450 0001:00078240   454 0001:00078260   455 0001:00078276
   456 0001:000782AC   460 0001:000782B4   461 0001:000782CD   462 0001:000782DC
   463 0001:0007830E   466 0001:00078318   467 0001:00078332   469 0001:00078337
   471 0001:00078346   472 0001:00078380   475 0001:000783B2   479 0001:000783B8
   480 0001:000783BD   483 0001:000783C0   485 0001:000783C3   486 0001:000783CE
   487 0001:000783DE   488 0001:000783E1   491 0001:00078400   492 0001:00078403
   493 0001:0007840A   494 0001:00078415   495 0001:00078423   496 0001:00078431
   513 0001:00078434   532 0001:00078438   533 0001:00078453   535 0001:00078462
   536 0001:000784A9   537 0001:000784B3   539 0001:000784ED   545 0001:00078510
   546 0001:00078534   547 0001:0007853F   549 0001:00078568   550 0001:00078576
   551 0001:000785A0   552 0001:000785CD   554 0001:000785FA   555 0001:00078627
   556 0001:00078654   557 0001:00078681   559 0001:000786D0   562 0001:00078734
   563 0001:0007874A   565 0001:0007875E   566 0001:0007876B   568 0001:00078799
   570 0001:000787D0   571 0001:000787D9   572 0001:000787E4   573 0001:00078803
   574 0001:00078822

Line numbers for ceffilescheme(..\filescheme\ceffilescheme.pas) segment .text

    56 0001:000788C0    57 0001:000788E1    58 0001:000788E8    61 0001:000788F3
    62 0001:000788FA    63 0001:00078922    64 0001:0007892E    65 0001:00078950
    66 0001:00078964    59 0001:00078967    68 0001:00078993    83 0001:00078A1C
    84 0001:00078A3F    85 0001:00078A49    86 0001:00078A55    87 0001:00078A61
    88 0001:00078A7E    99 0001:00078A88   100 0001:00078A91   101 0001:00078ACD
   102 0001:00078B1A   103 0001:00078B67   104 0001:00078BB4   105 0001:00078BFE
   106 0001:00078C48   107 0001:00078C54   114 0001:00078CDC   115 0001:00078CE2
   116 0001:00078CEC   117 0001:00078CFB   119 0001:00078D37   120 0001:00078D46
   125 0001:00078D4C   126 0001:00078D72   127 0001:00078D7D   128 0001:00078D86
   129 0001:00078DFF   132 0001:00078E48   133 0001:00078E65   135 0001:00078E70
   136 0001:00078E7B   137 0001:00078EA2   139 0001:00078EA7   140 0001:00078EB2
   141 0001:00078ED9   142 0001:00078F02   148 0001:00078F08   149 0001:00078F2E
   150 0001:00078F38   151 0001:00078F49   152 0001:00078F53   155 0001:00078F62
   156 0001:00078F70   158 0001:00078F7B   159 0001:00078F7D   160 0001:00078F84
   163 0001:00078F8F   164 0001:00078F94   165 0001:00078F96   166 0001:00078FA5
   169 0001:0007900C   170 0001:00079013   175 0001:00079015   177 0001:0007901A
   178 0001:0007901D   153 0001:0007901F   180 0001:0007902B   181 0001:00079063
   189 0001:00079070   190 0001:00079093   191 0001:0007909D   192 0001:000790A2
   195 0001:000790A4   196 0001:000790CA   197 0001:000790E4   198 0001:000790E9
   200 0001:000790EE   201 0001:000790FB   202 0001:00079100   203 0001:00079105
   205 0001:00079112   206 0001:00079117   208 0001:0007911D   209 0001:0007911F
   212 0001:00079133   213 0001:0007913C   214 0001:00079144   219 0001:0007914B
   223 0001:00079154   224 0001:00079166   230 0001:00079170   231 0001:00079190
   237 0001:00079192   193 0001:00079196   240 0001:0007919B   241 0001:000791C7
   247 0001:000791D0   248 0001:000791E5   249 0001:000791FA   250 0001:00079216
   253 0001:0007921C   254 0001:00079227   255 0001:0007922E   256 0001:00079233
   257 0001:0007924A   261 0001:00079250   262 0001:00079279   263 0001:00079283
   264 0001:00079298   265 0001:000792AD   266 0001:000792DB   282 0001:000792E4
   287 0001:000792EA   289 0001:0007930A   294 0001:00079310   298 0001:00079328
   300 0001:0007933D   301 0001:00079384   304 0001:0007938C   305 0001:000793C9
   307 0001:000793CD   308 0001:000793FC   309 0001:0007940C   310 0001:00079410
   312 0001:0007941E   314 0001:00079439   315 0001:00079443   316 0001:00079453
   318 0001:0007945E   319 0001:0007946D   320 0001:0007947B   321 0001:00079488
   322 0001:000794AD   323 0001:000794D3   324 0001:00079507   326 0001:00079524
   328 0001:00079534   329 0001:0007953D   330 0001:0007954D   332 0001:0007956C
   334 0001:0007957F   335 0001:00079589   336 0001:00079599   337 0001:000795AA
   338 0001:000795B8   339 0001:000795DA   340 0001:000795EC   341 0001:00079608
   342 0001:00079616   344 0001:00079631   347 0001:00079641   349 0001:0007969C
   352 0001:000796CC   353 0001:000796DE   354 0001:00079722   355 0001:00079731
   357 0001:0007973C   359 0001:00079749   360 0001:00079757   359 0001:0007977A
   362 0001:0007977D   363 0001:0007978C   365 0001:000797A9   369 0001:000797B9
   370 0001:000797C3   373 0001:000797D3   375 0001:000797E5   377 0001:00079812
   378 0001:00079822   381 0001:00079831   382 0001:000798BE   386 0001:00079A60
   387 0001:00079A6D   388 0001:00079A7F   389 0001:00079A81   390 0001:00079A8B
   392 0001:00079AC4   392 0001:00079ACB

Line numbers for guiclient(C:\Documents and Settings\Administrador\desktop\dcef3_DOM\guiclient.dpr) segment .text

    15 0001:00079ACC    16 0001:00079ADD    18 0001:00079D28    19 0001:00079D38
    20 0001:00079D47    21 0001:00079D52    22 0001:00079D5A    25 0001:00079D63
    28 0001:00079D75    29 0001:00079D81    30 0001:00079D99    31 0001:00079DA5

Bound resource files

c:\arquivos de programas\borland\delphi7\Lib\Buttons.res
c:\arquivos de programas\borland\delphi7\Lib\ExtDlgs.res
c:\arquivos de programas\borland\delphi7\Lib\Controls.res
c:\arquivos de programas\borland\delphi7\Lib\WindowsXP.res
main.dfm
C:\Arquivos de programas\Borland\Delphi7\dcef3\demos\filescheme\ceffilescheme.res
guiclient.res
guiclient.drf


Program entry point at 0001:00079D28
